<html>
<body>
<pre>
<h1>µVision Build Log</h1>
<h2>Tool Versions:</h2>
IDE-Version: ¦ÌVision V5.23.0.0
Copyright (C) 2017 ARM Ltd and ARM Germany GmbH. All rights reserved.
License Information: a Microsoft, Microsoft, LIC=DSNGK-ZMVKX-RCHJZ-J6QG5-73GTJ-LHM6Y
 
Tool Versions:
Toolchain:       MDK-ARM Professional  Version: 5.23
Toolchain Path:  C:\Keil_v5\ARM\ARMCC\Bin
C Compiler:      Armcc.exe V5.06 update 4 (build 422)
Assembler:       Armasm.exe V5.06 update 4 (build 422)
Linker/Locator:  ArmLink.exe V5.06 update 4 (build 422)
Library Manager: ArmAr.exe V5.06 update 4 (build 422)
Hex Converter:   FromElf.exe V5.06 update 4 (build 422)
CPU DLL:         SARMCM3.DLL V5.23
Dialog DLL:      DCM.DLL V1.15.0.0
Target DLL:      STLink\ST-LINKIII-KEIL_SWO.dll V2.0.18.0
Dialog DLL:      TCM.DLL V1.27.0.0
 
<h2>Project:</h2>
D:\uwb\STM32F103C8T6_V2.0_TagÊÖ³ÖÆ÷\STM32_UsbVirtualCom_F103C8T6_V2.0\Project\MDK\Project.uvprojx
Project File Date:  04/21/2017

<h2>Output:</h2>
*** Using Compiler 'V5.06 update 4 (build 422)', folder: 'C:\Keil_v5\ARM\ARMCC\Bin'
Rebuild target 'Project'
compiling KALMAN.c...
..\Source\USER\KALMAN.c(55): warning:  #1-D: last line of file ends without a newline
  }  
..\Source\USER\KALMAN.c: 1 warning, 0 errors
compiling Queue.c...
..\Source\Public\stdint.h(12): warning:  #47-D: incompatible redefinition of macro "__ARMCLIB_VERSION"  (declared at line 22 of "C:\Keil_v5\ARM\ARMCC\Bin\..\include\string.h")
  #define __ARMCLIB_VERSION 5030076
..\Source\Public\Queue.c: 1 warning, 0 errors
compiling POSICAL.c...
..\Source\USER\POSICAL.c(499): warning:  #550-D: variable "solution_compare2"  was set but never used
  	vec3d	solution_compare1, solution_compare2;
..\Source\USER\POSICAL.c: 1 warning, 0 errors
compiling DEVICE_INFO.c...
..\Source\USER\DEVICE_INFO.c(45): warning:  #167-D: argument of type "unsigned char *" is incompatible with parameter of type "char *restrict"
  	sprintf((unsigned char*)&buff_sn[0],"AT+SN=%08x-%08x-%08x-1-1.0\r\n",CpuID[0],CpuID[1],CpuID[2]);
..\Source\USER\DEVICE_INFO.c: 1 warning, 0 errors
compiling bsp.c...
compiling oled.c...
compiling APP.c...
..\Source\USER\APP.c(71): warning:  #167-D: argument of type "unsigned char *" is incompatible with parameter of type "const char *restrict"
  							sscanf((unsigned char* )buf,"%x",&Range_deca[0]); 
..\Source\USER\APP.c(77): warning:  #167-D: argument of type "unsigned char *" is incompatible with parameter of type "const char *restrict"
  							sscanf((unsigned char* )buf,"%x",&Range_deca[1]); 
..\Source\USER\APP.c(82): warning:  #167-D: argument of type "unsigned char *" is incompatible with parameter of type "const char *restrict"
  							sscanf((unsigned char* )buf,"%x",&Range_deca[2]); 
..\Source\USER\APP.c(87): warning:  #167-D: argument of type "unsigned char *" is incompatible with parameter of type "const char *restrict"
  							sscanf((unsigned char* )buf,"%x",&Range_deca[3]); 
..\Source\USER\APP.c(140): warning:  #167-D: argument of type "unsigned char *" is incompatible with parameter of type "const char *restrict"
  						sscanf((unsigned char*)buf,"%*[^=]=%s",oled_buf);
..\Source\USER\APP.c(153): warning:  #167-D: argument of type "unsigned char *" is incompatible with parameter of type "const char *restrict"
  						sscanf((unsigned char*)buf,"%*[^=]=%s",oled_buf);
..\Source\USER\APP.c(164): warning:  #167-D: argument of type "unsigned char *" is incompatible with parameter of type "const char *restrict"
  						sscanf((unsigned char*)buf,"%*[^=]=%s",oled_buf);
..\Source\USER\APP.c(175): warning:  #167-D: argument of type "unsigned char *" is incompatible with parameter of type "const char *restrict"
  						sscanf((unsigned char*)buf,"%*[^=]=%s",oled_buf);
..\Source\USER\APP.c(21): warning:  #177-D: variable "datatemp"  was declared but never referenced
  		u8 datatemp[SIZE];
..\Source\USER\APP.c(25): warning:  #177-D: variable "temp"  was declared but never referenced
      int temp = 0;
..\Source\USER\APP.c(27): warning:  #177-D: variable "distance"  was declared but never referenced
  	  int distance=0;
..\Source\USER\APP.c(30): warning:  #177-D: variable "buffa"  was declared but never referenced
  		static uint8_t buffa[65]="mc 0f 00001724 00001429 00001f40 00001e1d e9dd 4a 00707c03 a7:0\r\n";
..\Source\USER\APP.c(33): warning:  #177-D: variable "z_measure"  was declared but never referenced
  	  float z_measure = 1.56;		
..\Source\USER\APP.c: 13 warnings, 0 errors
compiling led.c...
compiling usart2.c...
compiling timer.c...
compiling stm32f10x_it.c...
compiling usart1_dma.c...
compiling stmflash.c...
compiling usb_desc.c...
compiling hw_config.c...
compiling usb_endp.c...
compiling usb_prop.c...
compiling usb_it.c...
compiling usb_istr.c...
compiling usb_core.c...
compiling usb_pwr.c...
compiling usb_mem.c...
compiling usb_sil.c...
compiling usb_init.c...
compiling usb_regs.c...
compiling misc.c...
compiling usb_int.c...
compiling stm32f10x_exti.c...
compiling stm32f10x_flash.c...
compiling stm32f10x_iwdg.c...
compiling stm32f10x_dma.c...
compiling stm32f10x_rcc.c...
compiling stm32f10x_gpio.c...
compiling stm32f10x_usart.c...
compiling stm32f10x_tim.c...
assembling startup_stm32f10x_md.s...
compiling GPIO_STM32F10x.c...
compiling system_stm32f10x.c...
linking...
Program Size: Code=30974 RO-data=2738 RW-data=384 ZI-data=5824  
FromELF: creating hex file...
".\Obj\Project.axf" - 0 Error(s), 17 Warning(s).

<h2>Software Packages used:</h2>

Package Vendor: ARM
                http://www.keil.com/pack/ARM.CMSIS.5.0.1.pack
                ARM::CMSIS:CORE:5.0.1
                CMSIS (Cortex Microcontroller Software Interface Standard)
   * Component: CORE Version: 5.0.1

Package Vendor: Keil
                http://www.keil.com/pack/Keil.STM32F1xx_DFP.2.2.0.pack
                Keil::Device:Startup:1.0.0
                STMicroelectronics STM32F1 Series Device Support, Drivers and Examples
   * Component: Startup Version: 1.0.0
   * Component: Framework Version: 3.5.1
   * Component: DMA Version: 3.5.0
   * Component: EXTI Version: 3.5.0
   * Component: Flash Version: 3.5.0
   * Component: GPIO Version: 3.5.0
   * Component: IWDG Version: 3.5.0
   * Component: RCC Version: 3.5.0
   * Component: TIM Version: 3.5.0
   * Component: USART Version: 3.5.0
   * Component: GPIO Version: 1.3

<h2>Collection of Component include folders:</h2>
  .\RTE\Device\STM32F103C8
  .\RTE\_Project
  C:\Keil_v5\ARM\PACK\ARM\CMSIS\5.0.1\CMSIS\Include
  C:\Keil_v5\ARM\PACK\Keil\STM32F1xx_DFP\2.2.0\Device\Include
  C:\Keil_v5\ARM\PACK\Keil\STM32F1xx_DFP\2.2.0\Device\StdPeriph_Driver\inc
  C:\Keil_v5\ARM\PACK\Keil\STM32F1xx_DFP\2.2.0\RTE_Driver

<h2>Collection of Component Files used:</h2>

   * Component: ARM::CMSIS:CORE:5.0.1

   * Component: Keil::Device:Startup:1.0.0
      Source file:   Device\Source\ARM\STM32F1xx_OPT.s
      Source file:   Device\Source\ARM\startup_stm32f10x_md.s
      Source file:   Device\Source\system_stm32f10x.c
      Include file:  RTE_Driver\Config\RTE_Device.h

   * Component: Keil::Device:StdPeriph Drivers:Framework:3.5.1
      Include file:  Device\StdPeriph_Driver\inc\misc.h
      Source file:   Device\StdPeriph_Driver\src\misc.c
      Source file:   Device\StdPeriph_Driver\templates\stm32f10x_conf.h
      Include file:  Device\StdPeriph_Driver\templates\stm32f10x_it.h
      Source file:   Device\StdPeriph_Driver\templates\stm32f10x_it.c

   * Component: Keil::Device:StdPeriph Drivers:DMA:3.5.0
      Include file:  Device\StdPeriph_Driver\inc\stm32f10x_dma.h
      Source file:   Device\StdPeriph_Driver\src\stm32f10x_dma.c

   * Component: Keil::Device:StdPeriph Drivers:EXTI:3.5.0
      Include file:  Device\StdPeriph_Driver\inc\stm32f10x_exti.h
      Source file:   Device\StdPeriph_Driver\src\stm32f10x_exti.c

   * Component: Keil::Device:StdPeriph Drivers:Flash:3.5.0
      Include file:  Device\StdPeriph_Driver\inc\stm32f10x_flash.h
      Source file:   Device\StdPeriph_Driver\src\stm32f10x_flash.c

   * Component: Keil::Device:StdPeriph Drivers:GPIO:3.5.0
      Include file:  Device\StdPeriph_Driver\inc\stm32f10x_gpio.h
      Source file:   Device\StdPeriph_Driver\src\stm32f10x_gpio.c

   * Component: Keil::Device:StdPeriph Drivers:IWDG:3.5.0
      Include file:  Device\StdPeriph_Driver\inc\stm32f10x_iwdg.h
      Source file:   Device\StdPeriph_Driver\src\stm32f10x_iwdg.c

   * Component: Keil::Device:StdPeriph Drivers:RCC:3.5.0
      Include file:  Device\StdPeriph_Driver\inc\stm32f10x_rcc.h
      Source file:   Device\StdPeriph_Driver\src\stm32f10x_rcc.c

   * Component: Keil::Device:StdPeriph Drivers:TIM:3.5.0
      Include file:  Device\StdPeriph_Driver\inc\stm32f10x_tim.h
      Source file:   Device\StdPeriph_Driver\src\stm32f10x_tim.c

   * Component: Keil::Device:StdPeriph Drivers:USART:3.5.0
      Include file:  Device\StdPeriph_Driver\inc\stm32f10x_usart.h
      Source file:   Device\StdPeriph_Driver\src\stm32f10x_usart.c

   * Component: Keil::Device:GPIO:1.3
      Include file:  RTE_Driver\GPIO_STM32F10x.h
      Source file:   RTE_Driver\GPIO_STM32F10x.c
Build Time Elapsed:  00:00:10
</pre>
</body>
</html>
