Component: ARM Compiler 5.06 update 4 (build 422) Tool: armlink [4d35d2]

==============================================================================

Section Cross References

    app.o(i.main) refers to _scanf_int.o(.text) for _scanf_int
    app.o(i.main) refers to _scanf_str.o(.text) for _scanf_string
    app.o(i.main) refers to bsp.o(i.BSP_Init) for BSP_Init
    app.o(i.main) refers to led.o(i.LED_Init) for LED_Init
    app.o(i.main) refers to led.o(i.KEY_Init) for KEY_Init
    app.o(i.main) refers to device_info.o(i.Get_UniqueID) for Get_UniqueID
    app.o(i.main) refers to hw_config.o(i.USB_Config) for USB_Config
    app.o(i.main) refers to usart1_dma.o(i.uart1_init) for uart1_init
    app.o(i.main) refers to timer.o(i.TIM2_Int_Init) for TIM2_Int_Init
    app.o(i.main) refers to oled.o(i.OLED_Init) for OLED_Init
    app.o(i.main) refers to device_info.o(i.Flash_Configuration) for Flash_Configuration
    app.o(i.main) refers to oled.o(i.OLED_ShowString) for OLED_ShowString
    app.o(i.main) refers to __0sscanf.o(.text) for __0sscanf
    app.o(i.main) refers to oled.o(i.OLED_ShowNum) for OLED_ShowNum
    app.o(i.main) refers to hw_config.o(i.USB_TxWrite) for USB_TxWrite
    app.o(i.main) refers to memseta.o(.text) for __aeabi_memclr4
    app.o(i.main) refers to bsp.o(i.BSP_GpioSet) for BSP_GpioSet
    app.o(i.main) refers to posical.o(i.Get_Best_Position) for Get_Best_Position
    app.o(i.main) refers to d2f.o(.text) for __aeabi_d2f
    app.o(i.main) refers to oled.o(i.OLED_ShowFloat) for OLED_ShowFloat
    app.o(i.main) refers to hw_config.o(i.USB_RxRead) for USB_RxRead
    app.o(i.main) refers to device_info.o(i.Check_cmd) for Check_cmd
    app.o(i.main) refers to device_info.o(i.RouterInfo_Write_to_Flash) for RouterInfo_Write_to_Flash
    app.o(i.main) refers to usart1_dma.o(.bss) for DMA_Rece_Buf
    app.o(i.main) refers to app.o(.bss) for buf
    app.o(i.main) refers to posical.o(.bss) for Range_deca
    app.o(i.main) refers to usart1_dma.o(.data) for Usart1_Rec_Cnt
    app.o(i.main) refers to device_info.o(.data) for buff_version
    app.o(i.main) refers to device_info.o(.bss) for buff_sn
    kalman.o(i.Get_Kalman_Filter_Data) refers to fadd.o(.text) for __aeabi_fadd
    kalman.o(i.Get_Kalman_Filter_Data) refers to fdiv.o(.text) for __aeabi_fdiv
    kalman.o(i.Get_Kalman_Filter_Data) refers to fmul.o(.text) for __aeabi_fmul
    kalman.o(i.Get_Kalman_Filter_Data) refers to kalman.o(.data) for x_last
    kalman.o(i.frand) refers to rand.o(.text) for rand
    kalman.o(i.frand) refers to dflti.o(.text) for __aeabi_i2d
    kalman.o(i.frand) refers to ddiv.o(.text) for __aeabi_ddiv
    kalman.o(i.frand) refers to dadd.o(.text) for __aeabi_dsub
    kalman.o(i.frand) refers to dmul.o(.text) for __aeabi_dmul
    posical.o(i.GetLocation) refers to dflti.o(.text) for __aeabi_i2d
    posical.o(i.GetLocation) refers to dmul.o(.text) for __aeabi_dmul
    posical.o(i.GetLocation) refers to memcpya.o(.text) for __aeabi_memcpy4
    posical.o(i.GetLocation) refers to posical.o(i.deca_3dlocate) for deca_3dlocate
    posical.o(i.GetLocation) refers to posical.o(i.vdiff) for vdiff
    posical.o(i.GetLocation) refers to posical.o(i.vnorm) for vnorm
    posical.o(i.GetLocation) refers to dadd.o(.text) for __aeabi_dsub
    posical.o(i.GetLocation) refers to cdcmple.o(.text) for __aeabi_cdcmple
    posical.o(i.Get_Best_Position) refers to posical.o(i.GetLocation) for GetLocation
    posical.o(i.Get_Best_Position) refers to posical.o(.bss) for Range_deca
    posical.o(i.cross) refers to dmul.o(.text) for __aeabi_dmul
    posical.o(i.cross) refers to dadd.o(.text) for __aeabi_dsub
    posical.o(i.cross) refers to memcpya.o(.text) for __aeabi_memcpy4
    posical.o(i.deca_3dlocate) refers to memcpya.o(.text) for __aeabi_memcpy4
    posical.o(i.deca_3dlocate) refers to posical.o(i.trilateration) for trilateration
    posical.o(i.deca_3dlocate) refers to dadd.o(.text) for __aeabi_dadd
    posical.o(i.deca_3dlocate) refers to posical.o(i.gdoprate) for gdoprate
    posical.o(i.deca_3dlocate) refers to cdcmple.o(.text) for __aeabi_cdcmple
    posical.o(i.deca_3dlocate) refers to posical.o(i.vdiff) for vdiff
    posical.o(i.deca_3dlocate) refers to posical.o(i.vnorm) for vnorm
    posical.o(i.deca_3dlocate) refers to dmul.o(.text) for __aeabi_dmul
    posical.o(i.deca_3dlocate) refers to sqrt.o(i.sqrt) for sqrt
    posical.o(i.dot) refers to dmul.o(.text) for __aeabi_dmul
    posical.o(i.dot) refers to dadd.o(.text) for __aeabi_dadd
    posical.o(i.gdoprate) refers to memcpya.o(.text) for __aeabi_memcpy4
    posical.o(i.gdoprate) refers to posical.o(i.vdiff) for vdiff
    posical.o(i.gdoprate) refers to posical.o(i.vnorm) for vnorm
    posical.o(i.gdoprate) refers to posical.o(i.vdiv) for vdiv
    posical.o(i.gdoprate) refers to posical.o(i.dot) for dot
    posical.o(i.gdoprate) refers to cdcmple.o(.text) for __aeabi_cdcmple
    posical.o(i.sphereline) refers to dadd.o(.text) for __aeabi_dsub
[...]
    i.SOF_Callback                           0x08003024   Section        0  usb_endp.o(i.SOF_Callback)
    i.STMFLASH_Read                          0x08003088   Section        0  stmflash.o(i.STMFLASH_Read)
    i.STMFLASH_ReadHalfWord                  0x080030aa   Section        0  stmflash.o(i.STMFLASH_ReadHalfWord)
    i.STMFLASH_Write                         0x080030b0   Section        0  stmflash.o(i.STMFLASH_Write)
    i.STMFLASH_Write_NoCheck                 0x08003198   Section        0  stmflash.o(i.STMFLASH_Write_NoCheck)
    i.SVC_Handler                            0x080031be   Section        0  stm32f10x_it.o(i.SVC_Handler)
    i.SetBTABLE                              0x080031c0   Section        0  usb_regs.o(i.SetBTABLE)
    i.SetDeviceAddress                       0x080031d0   Section        0  usb_core.o(i.SetDeviceAddress)
    i.SetEPRxAddr                            0x08003220   Section        0  usb_regs.o(i.SetEPRxAddr)
    i.SetEPRxCount                           0x08003244   Section        0  usb_regs.o(i.SetEPRxCount)
    i.SetEPRxStatus                          0x08003290   Section        0  usb_regs.o(i.SetEPRxStatus)
    i.SetEPRxValid                           0x080032d0   Section        0  usb_regs.o(i.SetEPRxValid)
    i.SetEPTxAddr                            0x08003304   Section        0  usb_regs.o(i.SetEPTxAddr)
    i.SetEPTxCount                           0x08003324   Section        0  usb_regs.o(i.SetEPTxCount)
    i.SetEPTxStatus                          0x08003340   Section        0  usb_regs.o(i.SetEPTxStatus)
    i.SetEPTxValid                           0x08003380   Section        0  usb_regs.o(i.SetEPTxValid)
    i.SetEPType                              0x080033b4   Section        0  usb_regs.o(i.SetEPType)
    i.SetSysClock                            0x080033d8   Section        0  system_stm32f10x.o(i.SetSysClock)
    SetSysClock                              0x080033d9   Thumb Code     8  system_stm32f10x.o(i.SetSysClock)
    i.SetSysClockTo72                        0x080033e0   Section        0  system_stm32f10x.o(i.SetSysClockTo72)
    SetSysClockTo72                          0x080033e1   Thumb Code   214  system_stm32f10x.o(i.SetSysClockTo72)
    i.Set_System                             0x080034c0   Section        0  hw_config.o(i.Set_System)
    i.Set_USBClock                           0x08003538   Section        0  hw_config.o(i.Set_USBClock)
    i.Setup0_Process                         0x0800354c   Section        0  usb_core.o(i.Setup0_Process)
    i.Standard_ClearFeature                  0x08003604   Section        0  usb_core.o(i.Standard_ClearFeature)
    i.Standard_GetConfiguration              0x08003770   Section        0  usb_core.o(i.Standard_GetConfiguration)
    i.Standard_GetDescriptorData             0x0800379c   Section        0  usb_core.o(i.Standard_GetDescriptorData)
    i.Standard_GetInterface                  0x080037c0   Section        0  usb_core.o(i.Standard_GetInterface)
    i.Standard_GetStatus                     0x080037ec   Section        0  usb_core.o(i.Standard_GetStatus)
    i.Standard_SetConfiguration              0x080038ec   Section        0  usb_core.o(i.Standard_SetConfiguration)
    i.Standard_SetDeviceFeature              0x08003934   Section        0  usb_core.o(i.Standard_SetDeviceFeature)
    i.Standard_SetEndPointFeature            0x0800395c   Section        0  usb_core.o(i.Standard_SetEndPointFeature)
    i.Standard_SetInterface                  0x08003a2c   Section        0  usb_core.o(i.Standard_SetInterface)
    i.Suspend                                0x08003a98   Section        0  usb_pwr.o(i.Suspend)
    i.SysTick_Handler                        0x08003b9c   Section        0  stm32f10x_it.o(i.SysTick_Handler)
    i.SystemInit                             0x08003ba0   Section        0  system_stm32f10x.o(i.SystemInit)
    i.TIM2_IRQHandler                        0x08003c00   Section        0  timer.o(i.TIM2_IRQHandler)
    i.TIM2_Int_Init                          0x08003c16   Section        0  timer.o(i.TIM2_Int_Init)
    i.TIM_ClearITPendingBit                  0x08003c72   Section        0  stm32f10x_tim.o(i.TIM_ClearITPendingBit)
    i.TIM_Cmd                                0x08003c78   Section        0  stm32f10x_tim.o(i.TIM_Cmd)
    i.TIM_GetITStatus                        0x08003c90   Section        0  stm32f10x_tim.o(i.TIM_GetITStatus)
    i.TIM_ITConfig                           0x08003cb2   Section        0  stm32f10x_tim.o(i.TIM_ITConfig)
    i.TIM_TimeBaseInit                       0x08003cc4   Section        0  stm32f10x_tim.o(i.TIM_TimeBaseInit)
    i.USART1_IRQHandler                      0x08003d68   Section        0  usart1_dma.o(i.USART1_IRQHandler)
    i.USART2_IRQHandler                      0x08003da8   Section        0  usart2.o(i.USART2_IRQHandler)
    i.USART_ClearITPendingBit                0x08003de8   Section        0  stm32f10x_usart.o(i.USART_ClearITPendingBit)
    i.USART_Cmd                              0x08003e06   Section        0  stm32f10x_usart.o(i.USART_Cmd)
    i.USART_DMACmd                           0x08003e1e   Section        0  stm32f10x_usart.o(i.USART_DMACmd)
    i.USART_DeInit                           0x08003e30   Section        0  stm32f10x_usart.o(i.USART_DeInit)
    i.USART_GetITStatus                      0x08003ecc   Section        0  stm32f10x_usart.o(i.USART_GetITStatus)
    i.USART_ITConfig                         0x08003f20   Section        0  stm32f10x_usart.o(i.USART_ITConfig)
    i.USART_Init                             0x08003f6c   Section        0  stm32f10x_usart.o(i.USART_Init)
    i.USART_ReceiveData                      0x08004044   Section        0  stm32f10x_usart.o(i.USART_ReceiveData)
    i.USBWakeUp_IRQHandler                   0x0800404e   Section        0  usb_it.o(i.USBWakeUp_IRQHandler)
    i.USB_Cable_Config                       0x0800405c   Section        0  hw_config.o(i.USB_Cable_Config)
    i.USB_Config                             0x08004080   Section        0  hw_config.o(i.USB_Config)
    i.USB_Init                               0x08004094   Section        0  usb_init.o(i.USB_Init)
    i.USB_Interrupts_Config                  0x080040d0   Section        0  hw_config.o(i.USB_Interrupts_Config)
    i.USB_Istr                               0x08004104   Section        0  usb_istr.o(i.USB_Istr)
    i.USB_LP_CAN1_RX0_IRQHandler             0x080042d4   Section        0  usb_it.o(i.USB_LP_CAN1_RX0_IRQHandler)
    i.USB_RxRead                             0x080042dc   Section        0  hw_config.o(i.USB_RxRead)
    i.USB_RxWrite                            0x080042f4   Section        0  hw_config.o(i.USB_RxWrite)
    i.USB_SIL_Init                           0x0800430c   Section        0  usb_sil.o(i.USB_SIL_Init)
    i.USB_SIL_Read                           0x08004330   Section        0  usb_sil.o(i.USB_SIL_Read)
    i.USB_TxRead                             0x08004360   Section        0  hw_config.o(i.USB_TxRead)
    i.USB_TxWrite                            0x08004378   Section        0  hw_config.o(i.USB_TxWrite)
    i.UsageFault_Handler                     0x08004390   Section        0  stm32f10x_it.o(i.UsageFault_Handler)
    i.UserToPMABufferCopy                    0x08004394   Section        0  usb_mem.o(i.UserToPMABufferCopy)
    i.Virtual_Com_Port_Data_Setup            0x080043cc   Section        0  usb_prop.o(i.Virtual_Com_Port_Data_Setup)
    i.Virtual_Com_Port_GetConfigDescriptor   0x08004430   Section        0  usb_prop.o(i.Virtual_Com_Port_GetConfigDescriptor)
    i.Virtual_Com_Port_GetDeviceDescriptor   0x08004444   Section        0  usb_prop.o(i.Virtual_Com_Port_GetDeviceDescriptor)
    i.Virtual_Com_Port_GetLineCoding         0x08004458   Section        0  usb_prop.o(i.Virtual_Com_Port_GetLineCoding)
    i.Virtual_Com_Port_GetStringDescriptor   0x08004474   Section        0  usb_prop.o(i.Virtual_Com_Port_GetStringDescriptor)
    i.Virtual_Com_Port_Get_Interface_Setting 0x0800449c   Section        0  usb_prop.o(i.Virtual_Com_Port_Get_Interface_Setting)
    i.Virtual_Com_Port_NoData_Setup          0x080044b4   Section        0  usb_prop.o(i.Virtual_Com_Port_NoData_Setup)
    i.Virtual_Com_Port_Reset                 0x080044dc   Section        0  usb_prop.o(i.Virtual_Com_Port_Reset)
    i.Virtual_Com_Port_SetConfiguration      0x080045c4   Section        0  usb_prop.o(i.Virtual_Com_Port_SetConfiguration)
    i.Virtual_Com_Port_SetDeviceAddress      0x080045dc   Section        0  usb_prop.o(i.Virtual_Com_Port_SetDeviceAddress)
    i.Virtual_Com_Port_SetLineCoding         0x080045e8   Section        0  usb_prop.o(i.Virtual_Com_Port_SetLineCoding)
    i.Virtual_Com_Port_Status_In             0x08004604   Section        0  usb_prop.o(i.Virtual_Com_Port_Status_In)
    i.Virtual_Com_Port_Status_Out            0x08004618   Section        0  usb_prop.o(i.Virtual_Com_Port_Status_Out)
    i.Virtual_Com_Port_init                  0x0800461c   Section        0  usb_prop.o(i.Virtual_Com_Port_init)
    i.__0sprintf$8                           0x08004644   Section        0  printf8.o(i.__0sprintf$8)
    i.__ARM_fpclassify                       0x0800466c   Section        0  fpclassify.o(i.__ARM_fpclassify)
    i.__kernel_poly                          0x08004694   Section        0  poly.o(i.__kernel_poly)
    i.__mathlib_dbl_divzero                  0x08004740   Section        0  dunder.o(i.__mathlib_dbl_divzero)
    i.__mathlib_dbl_infnan2                  0x08004750   Section        0  dunder.o(i.__mathlib_dbl_infnan2)
    i.__mathlib_dbl_invalid                  0x08004754   Section        0  dunder.o(i.__mathlib_dbl_invalid)
    i.__mathlib_dbl_overflow                 0x08004760   Section        0  dunder.o(i.__mathlib_dbl_overflow)
    i.__mathlib_dbl_underflow                0x08004770   Section        0  dunder.o(i.__mathlib_dbl_underflow)
    i.__scatterload_copy                     0x08004780   Section       14  handlers.o(i.__scatterload_copy)
    i.__scatterload_null                     0x0800478e   Section        2  handlers.o(i.__scatterload_null)
    i.__scatterload_zeroinit                 0x08004790   Section       14  handlers.o(i.__scatterload_zeroinit)
    i.__set_errno                            0x080047a0   Section        0  errno.o(i.__set_errno)
    i._printf_core                           0x080047ac   Section        0  printf8.o(i._printf_core)
    _printf_core                             0x080047ad   Thumb Code   996  printf8.o(i._printf_core)
    i._printf_post_padding                   0x08004bbc   Section        0  printf8.o(i._printf_post_padding)
    _printf_post_padding                     0x08004bbd   Thumb Code    36  printf8.o(i._printf_post_padding)
    i._printf_pre_padding                    0x08004be0   Section        0  printf8.o(i._printf_pre_padding)
    _printf_pre_padding                      0x08004be1   Thumb Code    46  printf8.o(i._printf_pre_padding)
    i._sputc                                 0x08004c0e   Section        0  printf8.o(i._sputc)
    _sputc                                   0x08004c0f   Thumb Code    10  printf8.o(i._sputc)
    i.cross                                  0x08004c18   Section        0  posical.o(i.cross)
    i.deca_3dlocate                          0x08004ccc   Section        0  posical.o(i.deca_3dlocate)
    i.dot                                    0x080051aa   Section        0  posical.o(i.dot)
    i.gdoprate                               0x08005208   Section        0  posical.o(i.gdoprate)
    i.main                                   0x080053b8   Section        0  app.o(i.main)
    i.oled_pow                               0x08005814   Section        0  oled.o(i.oled_pow)
    i.pow                                    0x0800582c   Section        0  pow.o(i.pow)
    i.sphereline                             0x08006204   Section        0  posical.o(i.sphereline)
    i.sqrt                                   0x08006620   Section        0  sqrt.o(i.sqrt)
    i.trilateration                          0x0800666c   Section        0  posical.o(i.trilateration)
    i.uart1_init                             0x0800770c   Section        0  usart1_dma.o(i.uart1_init)
    i.vdiff                                  0x08007818   Section        0  posical.o(i.vdiff)
    i.vdiv                                   0x08007872   Section        0  posical.o(i.vdiv)
    i.vmul                                   0x080078ca   Section        0  posical.o(i.vmul)
    i.vnorm                                  0x08007922   Section        0  posical.o(i.vnorm)
    i.vsum                                   0x08007990   Section        0  posical.o(i.vsum)
    .constdata                               0x080079ea   Section     2072  oled.o(.constdata)
    .constdata                               0x08008204   Section       36  bsp.o(.constdata)
    m_PortInfo                               0x08008204   Data          36  bsp.o(.constdata)
    .constdata                               0x08008228   Section      151  usb_desc.o(.constdata)
    .constdata                               0x080082c0   Section      136  pow.o(.constdata)
    bp                                       0x080082c0   Data          16  pow.o(.constdata)
    dp_h                                     0x080082d0   Data          16  pow.o(.constdata)
    dp_l                                     0x080082e0   Data          16  pow.o(.constdata)
    L                                        0x080082f0   Data          48  pow.o(.constdata)
    P                                        0x08008320   Data          40  pow.o(.constdata)
    .constdata                               0x08008348   Section        8  qnan.o(.constdata)
    .constdata                               0x08008350   Section       64  ctype_c.o(.constdata)
    .data                                    0x20000000   Section       29  device_info.o(.data)
    .data                                    0x20000020   Section        8  usart1_dma.o(.data)
    .data                                    0x20000028   Section        3  usart2.o(.data)
    .data                                    0x2000002c   Section       12  hw_config.o(.data)
    .data                                    0x20000038   Section       38  usb_desc.o(.data)
    .data                                    0x20000060   Section        8  usb_endp.o(.data)
    txFlg                                    0x20000060   Data           1  usb_endp.o(.data)
    FrameCount                               0x20000064   Data           4  usb_endp.o(.data)
    .data                                    0x20000068   Section       68  usb_istr.o(.data)
    .data                                    0x200000ac   Section      148  usb_prop.o(.data)
    .data                                    0x20000140   Section       12  usb_pwr.o(.data)
    .data                                    0x2000014c   Section        3  usb_core.o(.data)
    .data                                    0x20000150   Section       20  usb_init.o(.data)
    .data                                    0x20000164   Section        4  usb_int.o(.data)
    .data                                    0x20000168   Section       20  stm32f10x_rcc.o(.data)
    APBAHBPrescTable                         0x20000168   Data          16  stm32f10x_rcc.o(.data)
    ADCPrescTable                            0x20000178   Data           4  stm32f10x_rcc.o(.data)
    .data                                    0x2000017c   Section        4  errno.o(.data)
    _errno                                   0x2000017c   Data           4  errno.o(.data)
    .bss                                     0x20000180   Section      200  app.o(.bss)
    buf                                      0x20000180   Data         200  app.o(.bss)
    .bss                                     0x20000248   Section       40  posical.o(.bss)
    .bss                                     0x20000270   Section      290  device_info.o(.bss)
    .bss                                     0x20000392   Section      200  usart1_dma.o(.bss)
    .bss                                     0x2000045a   Section      250  usart2.o(.bss)
    .bss                                     0x20000554   Section     1024  stmflash.o(.bss)
    .bss                                     0x20000954   Section     2608  hw_config.o(.bss)
    m_QueueUsbComRx                          0x20000964   Data          16  hw_config.o(.bss)
    m_QueueUsbComTx                          0x20000974   Data          16  hw_config.o(.bss)
    m_UsbComRxBuf                            0x20000984   Data        1280  hw_config.o(.bss)
    m_UsbComTxBuf                            0x20000e84   Data        1280  hw_config.o(.bss)
    .bss                                     0x20001384   Section      128  usb_endp.o(.bss)
    txBuffter                                0x20001384   Data          64  usb_endp.o(.bss)
    buffter                                  0x200013c4   Data          64  usb_endp.o(.bss)
    .bss                                     0x20001404   Section       32  usb_pwr.o(.bss)
    .bss                                     0x20001424   Section       28  usb_init.o(.bss)
    STACK                                    0x20001440   Section     1024  startup_stm32f10x_md.o(STACK)

    Global Symbols

    Symbol Name                              Value     Ov Type        Size  Object(Section)

    BuildAttributes$$THM_ISAv4$P$D$K$B$S$PE$A:L22UL41UL21$X:L11$S22US41US21$IEEE1$IW$USESV6$~STKCKD$USESV7$~SHL$OTIME$ROPI$IEEEX$EBA8$MICROLIB$REQ8$PRES8$EABIv2 0x00000000   Number         0  anon$$obj.o ABSOLUTE
    __ARM_use_no_argv                        0x00000000   Number         0  app.o ABSOLUTE
    __use_no_errno                           0x00000000   Number         0  useno.o ABSOLUTE
    __use_no_exception_handling              0x00000000   Number         0  useno.o ABSOLUTE
    __use_no_fp                              0x00000000   Number         0  useno.o ABSOLUTE
    __use_no_heap                            0x00000000   Number         0  useno.o ABSOLUTE
    __use_no_heap_region                     0x00000000   Number         0  useno.o ABSOLUTE
    __use_no_semihosting                     0x00000000   Number         0  useno.o ABSOLUTE
    __use_no_semihosting_swi                 0x00000000   Number         0  useno.o ABSOLUTE
    __use_no_signal_handling                 0x00000000   Number         0  useno.o ABSOLUTE
    _printf_a                                0x00000000   Number         0  stubs.o ABSOLUTE
    _printf_c                                0x00000000   Number         0  stubs.o ABSOLUTE
    _printf_charcount                        0x00000000   Number         0  stubs.o ABSOLUTE
    _printf_d                                0x00000000   Number         0  stubs.o ABSOLUTE
    _printf_e                                0x00000000   Number         0  stubs.o ABSOLUTE
    _printf_f                                0x00000000   Number         0  stubs.o ABSOLUTE
    _printf_flags                            0x00000000   Number         0  stubs.o ABSOLUTE
    _printf_fp_dec                           0x00000000   Number         0  stubs.o ABSOLUTE
    _printf_fp_hex                           0x00000000   Number         0  stubs.o ABSOLUTE
    _printf_g                                0x00000000   Number         0  stubs.o ABSOLUTE
    _printf_i                                0x00000000   Number         0  stubs.o ABSOLUTE
    _printf_int_dec                          0x00000000   Number         0  stubs.o ABSOLUTE
    _printf_l                                0x00000000   Number         0  stubs.o ABSOLUTE
    _printf_lc                               0x00000000   Number         0  stubs.o ABSOLUTE
    _printf_ll                               0x00000000   Number         0  stubs.o ABSOLUTE
    _printf_lld                              0x00000000   Number         0  stubs.o ABSOLUTE
    _printf_lli                              0x00000000   Number         0  stubs.o ABSOLUTE
    _printf_llo                              0x00000000   Number         0  stubs.o ABSOLUTE
    _printf_llu                              0x00000000   Number         0  stubs.o ABSOLUTE
    _printf_llx                              0x00000000   Number         0  stubs.o ABSOLUTE
    _printf_longlong_dec                     0x00000000   Number         0  stubs.o ABSOLUTE
    _printf_longlong_hex                     0x00000000   Number         0  stubs.o ABSOLUTE
    _printf_longlong_oct                     0x00000000   Number         0  stubs.o ABSOLUTE
    _printf_ls                               0x00000000   Number         0  stubs.o ABSOLUTE
    _printf_mbtowc                           0x00000000   Number         0  stubs.o ABSOLUTE
    _printf_n                                0x00000000   Number         0  stubs.o ABSOLUTE
    _printf_o                                0x00000000   Number         0  stubs.o ABSOLUTE
    _printf_p                                0x00000000   Number         0  stubs.o ABSOLUTE
    _printf_percent                          0x00000000   Number         0  stubs.o ABSOLUTE
    _printf_pre_padding                      0x00000000   Number         0  stubs.o ABSOLUTE
    _printf_return_value                     0x00000000   Number         0  stubs.o ABSOLUTE
    _printf_s                                0x00000000   Number         0  stubs.o ABSOLUTE
    _printf_sizespec                         0x00000000   Number         0  stubs.o ABSOLUTE
    _printf_str                              0x00000000   Number         0  stubs.o ABSOLUTE
    _printf_truncate_signed                  0x00000000   Number         0  stubs.o ABSOLUTE
    _printf_truncate_unsigned                0x00000000   Number         0  stubs.o ABSOLUTE
    _printf_u                                0x00000000   Number         0  stubs.o ABSOLUTE
    _printf_wc                               0x00000000   Number         0  stubs.o ABSOLUTE
    _printf_wctomb                           0x00000000   Number         0  stubs.o ABSOLUTE
    _printf_widthprec                        0x00000000   Number         0  stubs.o ABSOLUTE
    _printf_x                                0x00000000   Number         0  stubs.o ABSOLUTE
    __cpp_initialize__aeabi_                  - Undefined Weak Reference
    __cxa_finalize                            - Undefined Weak Reference
    _clock_init                               - Undefined Weak Reference
    _microlib_exit                            - Undefined Weak Reference
    _scanf_longlong                           - Undefined Weak Reference
    _scanf_real                               - Undefined Weak Reference
    __Vectors_Size                           0x000000ec   Number         0  startup_stm32f10x_md.o ABSOLUTE
    __Vectors                                0x08000000   Data           4  startup_stm32f10x_md.o(RESET)
    __Vectors_End                            0x080000ec   Data           0  startup_stm32f10x_md.o(RESET)
    __main                                   0x080000ed   Thumb Code     0  entry.o(.ARM.Collect$$$$00000000)
    _main_stk                                0x080000ed   Thumb Code     0  entry2.o(.ARM.Collect$$$$00000001)
    _main_scatterload                        0x080000f1   Thumb Code     0  entry5.o(.ARM.Collect$$$$00000004)
    __main_after_scatterload                 0x080000f5   Thumb Code     0  entry5.o(.ARM.Collect$$$$00000004)
    _main_clock                              0x080000f5   Thumb Code     0  entry7b.o(.ARM.Collect$$$$00000008)
    _main_cpp_init                           0x080000f5   Thumb Code     0  entry8b.o(.ARM.Collect$$$$0000000A)
    _main_init                               0x080000f5   Thumb Code     0  entry9a.o(.ARM.Collect$$$$0000000B)
    __rt_final_cpp                           0x080000fd   Thumb Code     0  entry10a.o(.ARM.Collect$$$$0000000D)
    __rt_final_exit                          0x080000fd   Thumb Code     0  entry11a.o(.ARM.Collect$$$$0000000F)
    Reset_Handler                            0x08000101   Thumb Code     8  startup_stm32f10x_md.o(.text)
    ADC1_2_IRQHandler                        0x0800011b   Thumb Code     0  startup_stm32f10x_md.o(.text)
    CAN1_RX1_IRQHandler                      0x0800011b   Thumb Code     0  startup_stm32f10x_md.o(.text)
    CAN1_SCE_IRQHandler                      0x0800011b   Thumb Code     0  startup_stm32f10x_md.o(.text)
    DMA1_Channel1_IRQHandler                 0x0800011b   Thumb Code     0  startup_stm32f10x_md.o(.text)
    DMA1_Channel2_IRQHandler                 0x0800011b   Thumb Code     0  startup_stm32f10x_md.o(.text)
    DMA1_Channel3_IRQHandler                 0x0800011b   Thumb Code     0  startup_stm32f10x_md.o(.text)
    DMA1_Channel4_IRQHandler                 0x0800011b   Thumb Code     0  startup_stm32f10x_md.o(.text)
    DMA1_Channel5_IRQHandler                 0x0800011b   Thumb Code     0  startup_stm32f10x_md.o(.text)
    DMA1_Channel6_IRQHandler                 0x0800011b   Thumb Code     0  startup_stm32f10x_md.o(.text)
    DMA1_Channel7_IRQHandler                 0x0800011b   Thumb Code     0  startup_stm32f10x_md.o(.text)
    EXTI0_IRQHandler                         0x0800011b   Thumb Code     0  startup_stm32f10x_md.o(.text)
    EXTI15_10_IRQHandler                     0x0800011b   Thumb Code     0  startup_stm32f10x_md.o(.text)
    EXTI1_IRQHandler                         0x0800011b   Thumb Code     0  startup_stm32f10x_md.o(.text)
    EXTI2_IRQHandler                         0x0800011b   Thumb Code     0  startup_stm32f10x_md.o(.text)
    EXTI3_IRQHandler                         0x0800011b   Thumb Code     0  startup_stm32f10x_md.o(.text)
    EXTI4_IRQHandler                         0x0800011b   Thumb Code     0  startup_stm32f10x_md.o(.text)
    EXTI9_5_IRQHandler                       0x0800011b   Thumb Code     0  startup_stm32f10x_md.o(.text)
    FLASH_IRQHandler                         0x0800011b   Thumb Code     0  startup_stm32f10x_md.o(.text)
    I2C1_ER_IRQHandler                       0x0800011b   Thumb Code     0  startup_stm32f10x_md.o(.text)
    I2C1_EV_IRQHandler                       0x0800011b   Thumb Code     0  startup_stm32f10x_md.o(.text)
    I2C2_ER_IRQHandler                       0x0800011b   Thumb Code     0  startup_stm32f10x_md.o(.text)
    I2C2_EV_IRQHandler                       0x0800011b   Thumb Code     0  startup_stm32f10x_md.o(.text)
    PVD_IRQHandler                           0x0800011b   Thumb Code     0  startup_stm32f10x_md.o(.text)
    RCC_IRQHandler                           0x0800011b   Thumb Code     0  startup_stm32f10x_md.o(.text)
    RTCAlarm_IRQHandler                      0x0800011b   Thumb Code     0  startup_stm32f10x_md.o(.text)
    RTC_IRQHandler                           0x0800011b   Thumb Code     0  startup_stm32f10x_md.o(.text)
    SPI1_IRQHandler                          0x0800011b   Thumb Code     0  startup_stm32f10x_md.o(.text)
    SPI2_IRQHandler                          0x0800011b   Thumb Code     0  startup_stm32f10x_md.o(.text)
    TAMPER_IRQHandler                        0x0800011b   Thumb Code     0  startup_stm32f10x_md.o(.text)
    TIM1_BRK_IRQHandler                      0x0800011b   Thumb Code     0  startup_stm32f10x_md.o(.text)
    TIM1_CC_IRQHandler                       0x0800011b   Thumb Code     0  startup_stm32f10x_md.o(.text)
    TIM1_TRG_COM_IRQHandler                  0x0800011b   Thumb Code     0  startup_stm32f10x_md.o(.text)
    TIM1_UP_IRQHandler                       0x0800011b   Thumb Code     0  startup_stm32f10x_md.o(.text)
    TIM3_IRQHandler                          0x0800011b   Thumb Code     0  startup_stm32f10x_md.o(.text)
    TIM4_IRQHandler                          0x0800011b   Thumb Code     0  startup_stm32f10x_md.o(.text)
    USART3_IRQHandler                        0x0800011b   Thumb Code     0  startup_stm32f10x_md.o(.text)
    USB_HP_CAN1_TX_IRQHandler                0x0800011b   Thumb Code     0  startup_stm32f10x_md.o(.text)
    WWDG_IRQHandler                          0x0800011b   Thumb Code     0  startup_stm32f10x_md.o(.text)
    __aeabi_memcpy                           0x08000125   Thumb Code    36  memcpya.o(.text)
    __aeabi_memcpy4                          0x08000125   Thumb Code     0  memcpya.o(.text)
    __aeabi_memcpy8                          0x08000125   Thumb Code     0  memcpya.o(.text)
    __aeabi_memset                           0x08000149   Thumb Code    14  memseta.o(.text)
    __aeabi_memset4                          0x08000149   Thumb Code     0  memseta.o(.text)
    __aeabi_memset8                          0x08000149   Thumb Code     0  memseta.o(.text)
    __aeabi_memclr                           0x08000157   Thumb Code     4  memseta.o(.text)
    __aeabi_memclr4                          0x08000157   Thumb Code     0  memseta.o(.text)
    __aeabi_memclr8                          0x08000157   Thumb Code     0  memseta.o(.text)
    _memset$wrapper                          0x0800015b   Thumb Code    18  memseta.o(.text)
    __0sscanf                                0x0800016d   Thumb Code    48  __0sscanf.o(.text)
    _scanf_int                               0x080001a5   Thumb Code   332  _scanf_int.o(.text)
    _scanf_string                            0x080002f1   Thumb Code   224  _scanf_str.o(.text)
    __aeabi_fadd                             0x080003d1   Thumb Code   164  fadd.o(.text)
    __aeabi_fsub                             0x08000475   Thumb Code     6  fadd.o(.text)
    __aeabi_frsub                            0x0800047b   Thumb Code     6  fadd.o(.text)
    __aeabi_dadd                             0x08000481   Thumb Code   322  dadd.o(.text)
    __aeabi_dsub                             0x080005c3   Thumb Code     6  dadd.o(.text)
    __aeabi_drsub                            0x080005c9   Thumb Code     6  dadd.o(.text)
    __aeabi_dmul                             0x080005cf   Thumb Code   228  dmul.o(.text)
    __aeabi_ddiv                             0x080006b3   Thumb Code   222  ddiv.o(.text)
    __aeabi_i2f                              0x08000791   Thumb Code    18  fflti.o(.text)
    __aeabi_i2d                              0x080007a3   Thumb Code    34  dflti.o(.text)
    __aeabi_ui2d                             0x080007c5   Thumb Code    26  dfltui.o(.text)
    __aeabi_f2iz                             0x080007df   Thumb Code    50  ffixi.o(.text)
    __aeabi_d2iz                             0x08000811   Thumb Code    62  dfixi.o(.text)
    __aeabi_f2d                              0x0800084f   Thumb Code    38  f2d.o(.text)
    __aeabi_cdcmpeq                          0x08000875   Thumb Code     0  cdcmple.o(.text)
    __aeabi_cdcmple                          0x08000875   Thumb Code    48  cdcmple.o(.text)
    __aeabi_cdrcmple                         0x080008a5   Thumb Code    48  cdrcmple.o(.text)
    __aeabi_d2f                              0x080008d5   Thumb Code    56  d2f.o(.text)
    __aeabi_uldivmod                         0x0800090d   Thumb Code    98  uldiv.o(.text)
    __aeabi_llsl                             0x0800096f   Thumb Code    30  llshl.o(.text)
    _ll_shift_l                              0x0800096f   Thumb Code     0  llshl.o(.text)
    __aeabi_llsr                             0x0800098d   Thumb Code    32  llushr.o(.text)
    _ll_ushift_r                             0x0800098d   Thumb Code     0  llushr.o(.text)
    __aeabi_lasr                             0x080009ad   Thumb Code    36  llsshr.o(.text)
    _ll_sshift_r                             0x080009ad   Thumb Code     0  llsshr.o(.text)
    _chval                                   0x080009d1   Thumb Code    28  _chval.o(.text)
    __vfscanf_char                           0x080009f9   Thumb Code    20  scanf_char.o(.text)
    _sgetc                                   0x08000a15   Thumb Code    30  _sgetc.o(.text)
    _sbackspace                              0x08000a33   Thumb Code    34  _sgetc.o(.text)
    __I$use$fp                               0x08000a55   Thumb Code     0  iusefp.o(.text)
    _float_round                             0x08000a55   Thumb Code    18  fepilogue.o(.text)
    _float_epilogue                          0x08000a67   Thumb Code    92  fepilogue.o(.text)
    _double_round                            0x08000ac3   Thumb Code    30  depilogue.o(.text)
    _double_epilogue                         0x08000ae1   Thumb Code   156  depilogue.o(.text)
    __ARM_scalbn                             0x08000b7d   Thumb Code    46  dscalb.o(.text)
    scalbn                                   0x08000b7d   Thumb Code     0  dscalb.o(.text)
    _dsqrt                                   0x08000bab   Thumb Code   162  dsqrt.o(.text)
    __scatterload                            0x08000c4d   Thumb Code    28  init.o(.text)
    __scatterload_rt2                        0x08000c4d   Thumb Code     0  init.o(.text)
    isspace                                  0x08000c71   Thumb Code    10  isspace_c.o(.text)
    __vfscanf                                0x08000c7d   Thumb Code   808  _scanf.o(.text)
    __ctype_lookup                           0x08000fa9   Thumb Code    34  ctype_c.o(.text)
    __decompress                             0x08000fd1   Thumb Code     0  __dczerorl2.o(.text)
    __decompress1                            0x08000fd1   Thumb Code    86  __dczerorl2.o(.text)
    BSP_GpioSet                              0x08001029   Thumb Code    40  bsp.o(i.BSP_GpioSet)
    BSP_Init                                 0x08001055   Thumb Code    12  bsp.o(i.BSP_Init)
    BusFault_Handler                         0x08001061   Thumb Code     4  stm32f10x_it.o(i.BusFault_Handler)
    ByteSwap                                 0x08001065   Thumb Code    12  usb_regs.o(i.ByteSwap)
    CTR_LP                                   0x08001071   Thumb Code   616  usb_int.o(i.CTR_LP)
    Check_cmd                                0x080012f9   Thumb Code   166  device_info.o(i.Check_cmd)
    ClearDTOG_RX                             0x080013a1   Thumb Code    48  usb_regs.o(i.ClearDTOG_RX)
    ClearDTOG_TX                             0x080013d5   Thumb Code    48  usb_regs.o(i.ClearDTOG_TX)
    Clear_Status_Out                         0x08001409   Thumb Code    34  usb_regs.o(i.Clear_Status_Out)
    DMA_Cmd                                  0x08001431   Thumb Code    24  stm32f10x_dma.o(i.DMA_Cmd)
    DMA_DeInit                               0x08001449   Thumb Code   324  stm32f10x_dma.o(i.DMA_DeInit)
    DMA_GetCurrDataCounter                   0x08001595   Thumb Code     8  stm32f10x_dma.o(i.DMA_GetCurrDataCounter)
    DMA_Init                                 0x0800159d   Thumb Code    60  stm32f10x_dma.o(i.DMA_Init)
    DMA_SetCurrDataCounter                   0x080015d9   Thumb Code     4  stm32f10x_dma.o(i.DMA_SetCurrDataCounter)
    DebugMon_Handler                         0x080019f1   Thumb Code     2  stm32f10x_it.o(i.DebugMon_Handler)
    Delay                                    0x080019f3   Thumb Code    18  bsp.o(i.Delay)
    EP1_IN_Callback                          0x08001a05   Thumb Code    66  usb_endp.o(i.EP1_IN_Callback)
    EP3_OUT_Callback                         0x08001a55   Thumb Code    28  usb_endp.o(i.EP3_OUT_Callback)
    EXTI_ClearITPendingBit                   0x08001a75   Thumb Code     6  stm32f10x_exti.o(i.EXTI_ClearITPendingBit)
    EXTI_Init                                0x08001a81   Thumb Code   142  stm32f10x_exti.o(i.EXTI_Init)
    FLASH_ErasePage                          0x08001b15   Thumb Code    72  stm32f10x_flash.o(i.FLASH_ErasePage)
    FLASH_GetBank1Status                     0x08001b61   Thumb Code    48  stm32f10x_flash.o(i.FLASH_GetBank1Status)
    FLASH_Lock                               0x08001b95   Thumb Code    14  stm32f10x_flash.o(i.FLASH_Lock)
    FLASH_ProgramHalfWord                    0x08001ba9   Thumb Code    60  stm32f10x_flash.o(i.FLASH_ProgramHalfWord)
    FLASH_Unlock                             0x08001be9   Thumb Code    12  stm32f10x_flash.o(i.FLASH_Unlock)
    FLASH_WaitForLastOperation               0x08001c01   Thumb Code    38  stm32f10x_flash.o(i.FLASH_WaitForLastOperation)
    Flash_Configuration                      0x08001c29   Thumb Code   330  device_info.o(i.Flash_Configuration)
    GPIO_Configuration                       0x08001da1   Thumb Code   136  bsp.o(i.GPIO_Configuration)
    GPIO_Init                                0x08001e2d   Thumb Code   278  stm32f10x_gpio.o(i.GPIO_Init)
    GPIO_PinRemapConfig                      0x08001f45   Thumb Code   138  stm32f10x_gpio.o(i.GPIO_PinRemapConfig)
    GPIO_ResetBits                           0x08001fd5   Thumb Code     4  stm32f10x_gpio.o(i.GPIO_ResetBits)
    GPIO_SetBits                             0x08001fd9   Thumb Code     4  stm32f10x_gpio.o(i.GPIO_SetBits)
    GetEPRxAddr                              0x08001fdd   Thumb Code    24  usb_regs.o(i.GetEPRxAddr)
    GetEPRxCount                             0x08001ffd   Thumb Code    26  usb_regs.o(i.GetEPRxCount)
    GetEPTxAddr                              0x08002021   Thumb Code    22  usb_regs.o(i.GetEPTxAddr)
    GetLocation                              0x08002041   Thumb Code   580  posical.o(i.GetLocation)
    Get_Best_Position                        0x0800228d   Thumb Code   108  posical.o(i.Get_Best_Position)
    Get_SerialNum                            0x08002311   Thumb Code    42  hw_config.o(i.Get_SerialNum)
    Get_UniqueID                             0x08002345   Thumb Code    46  device_info.o(i.Get_UniqueID)
    HardFault_Handler                        0x0800239d   Thumb Code     4  stm32f10x_it.o(i.HardFault_Handler)
    In0_Process                              0x080023a1   Thumb Code    98  usb_core.o(i.In0_Process)
    KEY_Init                                 0x08002451   Thumb Code    76  led.o(i.KEY_Init)
    LED_Init                                 0x080024a9   Thumb Code    46  led.o(i.LED_Init)
    Leave_LowPowerMode                       0x080024dd   Thumb Code    22  hw_config.o(i.Leave_LowPowerMode)
    MYDMA_Enable                             0x080024fd   Thumb Code    30  usart1_dma.o(i.MYDMA_Enable)
    MemManage_Handler                        0x0800251b   Thumb Code     4  stm32f10x_it.o(i.MemManage_Handler)
    NMI_Handler                              0x0800251f   Thumb Code     2  stm32f10x_it.o(i.NMI_Handler)
    NOP_Process                              0x08002521   Thumb Code     2  usb_core.o(i.NOP_Process)
    NVIC_Configuration                       0x08002523   Thumb Code    12  bsp.o(i.NVIC_Configuration)
    NVIC_Init                                0x08002531   Thumb Code   100  misc.o(i.NVIC_Init)
    NVIC_PriorityGroupConfig                 0x080025a1   Thumb Code    10  misc.o(i.NVIC_PriorityGroupConfig)
    OLED_Clear                               0x080026ed   Thumb Code    64  oled.o(i.OLED_Clear)
    OLED_Init                                0x0800272d   Thumb Code   350  oled.o(i.OLED_Init)
    OLED_Set_Pos                             0x08002899   Thumb Code    46  oled.o(i.OLED_Set_Pos)
    OLED_ShowChar                            0x080028c9   Thumb Code    78  oled.o(i.OLED_ShowChar)
    OLED_ShowFloat                           0x0800291d   Thumb Code   156  oled.o(i.OLED_ShowFloat)
    OLED_ShowNum                             0x080029bd   Thumb Code   132  oled.o(i.OLED_ShowNum)
    OLED_ShowString                          0x08002a41   Thumb Code    54  oled.o(i.OLED_ShowString)
    OLED_WR_Byte                             0x08002a79   Thumb Code   112  oled.o(i.OLED_WR_Byte)
    Out0_Process                             0x08002aed   Thumb Code    70  usb_core.o(i.Out0_Process)
    PMAToUserBufferCopy                      0x08002b3d   Thumb Code    34  usb_mem.o(i.PMAToUserBufferCopy)
    PendSV_Handler                           0x08002b65   Thumb Code     2  stm32f10x_it.o(i.PendSV_Handler)
    Post0_Process                            0x08002b69   Thumb Code    54  usb_core.o(i.Post0_Process)
    PowerOn                                  0x08002bb1   Thumb Code    54  usb_pwr.o(i.PowerOn)
    QUEUE_PacketCreate                       0x08002bf1   Thumb Code    14  queue.o(i.QUEUE_PacketCreate)
    QUEUE_PacketIn                           0x08002bff   Thumb Code    60  queue.o(i.QUEUE_PacketIn)
    QUEUE_PacketOut                          0x08002c3b   Thumb Code    58  queue.o(i.QUEUE_PacketOut)
    RCC_AHBPeriphClockCmd                    0x08002c75   Thumb Code    26  stm32f10x_rcc.o(i.RCC_AHBPeriphClockCmd)
    RCC_APB1PeriphClockCmd                   0x08002c95   Thumb Code    26  stm32f10x_rcc.o(i.RCC_APB1PeriphClockCmd)
    RCC_APB1PeriphResetCmd                   0x08002cb5   Thumb Code    26  stm32f10x_rcc.o(i.RCC_APB1PeriphResetCmd)
    RCC_APB2PeriphClockCmd                   0x08002cd5   Thumb Code    26  stm32f10x_rcc.o(i.RCC_APB2PeriphClockCmd)
    RCC_APB2PeriphResetCmd                   0x08002cf5   Thumb Code    26  stm32f10x_rcc.o(i.RCC_APB2PeriphResetCmd)
    RCC_GetClocksFreq                        0x08002d15   Thumb Code   192  stm32f10x_rcc.o(i.RCC_GetClocksFreq)
    RCC_USBCLKConfig                         0x08002de9   Thumb Code     6  stm32f10x_rcc.o(i.RCC_USBCLKConfig)
    Resume                                   0x08002df5   Thumb Code   194  usb_pwr.o(i.Resume)
    Resume_Init                              0x08002ec5   Thumb Code    30  usb_pwr.o(i.Resume_Init)
    RouterInfo_Write_to_Flash                0x08002ee9   Thumb Code   282  device_info.o(i.RouterInfo_Write_to_Flash)
    SOF_Callback                             0x08003025   Thumb Code    84  usb_endp.o(i.SOF_Callback)
    STMFLASH_Read                            0x08003089   Thumb Code    34  stmflash.o(i.STMFLASH_Read)
    STMFLASH_ReadHalfWord                    0x080030ab   Thumb Code     6  stmflash.o(i.STMFLASH_ReadHalfWord)
    STMFLASH_Write                           0x080030b1   Thumb Code   222  stmflash.o(i.STMFLASH_Write)
    STMFLASH_Write_NoCheck                   0x08003199   Thumb Code    38  stmflash.o(i.STMFLASH_Write_NoCheck)
    SVC_Handler                              0x080031bf   Thumb Code     2  stm32f10x_it.o(i.SVC_Handler)
    SetBTABLE                                0x080031c1   Thumb Code    12  usb_regs.o(i.SetBTABLE)
    SetDeviceAddress                         0x080031d1   Thumb Code    68  usb_core.o(i.SetDeviceAddress)
    SetEPRxAddr                              0x08003221   Thumb Code    26  usb_regs.o(i.SetEPRxAddr)
    SetEPRxCount                             0x08003245   Thumb Code    68  usb_regs.o(i.SetEPRxCount)
    SetEPRxStatus                            0x08003291   Thumb Code    60  usb_regs.o(i.SetEPRxStatus)
    SetEPRxValid                             0x080032d1   Thumb Code    48  usb_regs.o(i.SetEPRxValid)
    SetEPTxAddr                              0x08003305   Thumb Code    24  usb_regs.o(i.SetEPTxAddr)
    SetEPTxCount                             0x08003325   Thumb Code    20  usb_regs.o(i.SetEPTxCount)
    SetEPTxStatus                            0x08003341   Thumb Code    60  usb_regs.o(i.SetEPTxStatus)
    SetEPTxValid                             0x08003381   Thumb Code    48  usb_regs.o(i.SetEPTxValid)
    SetEPType                                0x080033b5   Thumb Code    32  usb_regs.o(i.SetEPType)
    Set_System                               0x080034c1   Thumb Code    94  hw_config.o(i.Set_System)
    Set_USBClock                             0x08003539   Thumb Code    18  hw_config.o(i.Set_USBClock)
    Setup0_Process                           0x0800354d   Thumb Code   170  usb_core.o(i.Setup0_Process)
    Standard_ClearFeature                    0x08003605   Thumb Code   342  usb_core.o(i.Standard_ClearFeature)
    Standard_GetConfiguration                0x08003771   Thumb Code    34  usb_core.o(i.Standard_GetConfiguration)
    Standard_GetDescriptorData               0x0800379d   Thumb Code    32  usb_core.o(i.Standard_GetDescriptorData)
    Standard_GetInterface                    0x080037c1   Thumb Code    34  usb_core.o(i.Standard_GetInterface)
    Standard_GetStatus                       0x080037ed   Thumb Code   238  usb_core.o(i.Standard_GetStatus)
    Standard_SetConfiguration                0x080038ed   Thumb Code    60  usb_core.o(i.Standard_SetConfiguration)
    Standard_SetDeviceFeature                0x08003935   Thumb Code    30  usb_core.o(i.Standard_SetDeviceFeature)
    Standard_SetEndPointFeature              0x0800395d   Thumb Code   192  usb_core.o(i.Standard_SetEndPointFeature)
    Standard_SetInterface                    0x08003a2d   Thumb Code    96  usb_core.o(i.Standard_SetInterface)
    Suspend                                  0x08003a99   Thumb Code   238  usb_pwr.o(i.Suspend)
    SysTick_Handler                          0x08003b9d   Thumb Code     2  stm32f10x_it.o(i.SysTick_Handler)
    SystemInit                               0x08003ba1   Thumb Code    78  system_stm32f10x.o(i.SystemInit)
    TIM2_IRQHandler                          0x08003c01   Thumb Code    22  timer.o(i.TIM2_IRQHandler)
    TIM2_Int_Init                            0x08003c17   Thumb Code    92  timer.o(i.TIM2_Int_Init)
    TIM_ClearITPendingBit                    0x08003c73   Thumb Code     6  stm32f10x_tim.o(i.TIM_ClearITPendingBit)
    TIM_Cmd                                  0x08003c79   Thumb Code    24  stm32f10x_tim.o(i.TIM_Cmd)
    TIM_GetITStatus                          0x08003c91   Thumb Code    34  stm32f10x_tim.o(i.TIM_GetITStatus)
    TIM_ITConfig                             0x08003cb3   Thumb Code    18  stm32f10x_tim.o(i.TIM_ITConfig)
    TIM_TimeBaseInit                         0x08003cc5   Thumb Code   122  stm32f10x_tim.o(i.TIM_TimeBaseInit)
    USART1_IRQHandler                        0x08003d69   Thumb Code    52  usart1_dma.o(i.USART1_IRQHandler)
    USART2_IRQHandler                        0x08003da9   Thumb Code    52  usart2.o(i.USART2_IRQHandler)
    USART_ClearITPendingBit                  0x08003de9   Thumb Code    30  stm32f10x_usart.o(i.USART_ClearITPendingBit)
    USART_Cmd                                0x08003e07   Thumb Code    24  stm32f10x_usart.o(i.USART_Cmd)
    USART_DMACmd                             0x08003e1f   Thumb Code    18  stm32f10x_usart.o(i.USART_DMACmd)
    USART_DeInit                             0x08003e31   Thumb Code   134  stm32f10x_usart.o(i.USART_DeInit)
    USART_GetITStatus                        0x08003ecd   Thumb Code    84  stm32f10x_usart.o(i.USART_GetITStatus)
    USART_ITConfig                           0x08003f21   Thumb Code    74  stm32f10x_usart.o(i.USART_ITConfig)
    USART_Init                               0x08003f6d   Thumb Code   210  stm32f10x_usart.o(i.USART_Init)
    USART_ReceiveData                        0x08004045   Thumb Code    10  stm32f10x_usart.o(i.USART_ReceiveData)
    USBWakeUp_IRQHandler                     0x0800404f   Thumb Code    12  usb_it.o(i.USBWakeUp_IRQHandler)
    USB_Cable_Config                         0x0800405d   Thumb Code    30  hw_config.o(i.USB_Cable_Config)
    USB_Config                               0x08004081   Thumb Code    20  hw_config.o(i.USB_Config)
    USB_Init                                 0x08004095   Thumb Code    36  usb_init.o(i.USB_Init)
    USB_Interrupts_Config                    0x080040d1   Thumb Code    52  hw_config.o(i.USB_Interrupts_Config)
    USB_Istr                                 0x08004105   Thumb Code   426  usb_istr.o(i.USB_Istr)
    USB_LP_CAN1_RX0_IRQHandler               0x080042d5   Thumb Code     8  usb_it.o(i.USB_LP_CAN1_RX0_IRQHandler)
    USB_RxRead                               0x080042dd   Thumb Code    18  hw_config.o(i.USB_RxRead)
    USB_RxWrite                              0x080042f5   Thumb Code    18  hw_config.o(i.USB_RxWrite)
    USB_SIL_Init                             0x0800430d   Thumb Code    28  usb_sil.o(i.USB_SIL_Init)
    USB_SIL_Read                             0x08004331   Thumb Code    46  usb_sil.o(i.USB_SIL_Read)
    USB_TxRead                               0x08004361   Thumb Code    18  hw_config.o(i.USB_TxRead)
    USB_TxWrite                              0x08004379   Thumb Code    18  hw_config.o(i.USB_TxWrite)
    UsageFault_Handler                       0x08004391   Thumb Code     4  stm32f10x_it.o(i.UsageFault_Handler)
    UserToPMABufferCopy                      0x08004395   Thumb Code    52  usb_mem.o(i.UserToPMABufferCopy)
    Virtual_Com_Port_Data_Setup              0x080043cd   Thumb Code    82  usb_prop.o(i.Virtual_Com_Port_Data_Setup)
    Virtual_Com_Port_GetConfigDescriptor     0x08004431   Thumb Code    14  usb_prop.o(i.Virtual_Com_Port_GetConfigDescriptor)
    Virtual_Com_Port_GetDeviceDescriptor     0x08004445   Thumb Code    14  usb_prop.o(i.Virtual_Com_Port_GetDeviceDescriptor)
    Virtual_Com_Port_GetLineCoding           0x08004459   Thumb Code    20  usb_prop.o(i.Virtual_Com_Port_GetLineCoding)
    Virtual_Com_Port_GetStringDescriptor     0x08004475   Thumb Code    32  usb_prop.o(i.Virtual_Com_Port_GetStringDescriptor)
    Virtual_Com_Port_Get_Interface_Setting   0x0800449d   Thumb Code    22  usb_prop.o(i.Virtual_Com_Port_Get_Interface_Setting)
    Virtual_Com_Port_NoData_Setup            0x080044b5   Thumb Code    36  usb_prop.o(i.Virtual_Com_Port_NoData_Setup)
    Virtual_Com_Port_Reset                   0x080044dd   Thumb Code   216  usb_prop.o(i.Virtual_Com_Port_Reset)
    Virtual_Com_Port_SetConfiguration        0x080045c5   Thumb Code    14  usb_prop.o(i.Virtual_Com_Port_SetConfiguration)
    Virtual_Com_Port_SetDeviceAddress        0x080045dd   Thumb Code     8  usb_prop.o(i.Virtual_Com_Port_SetDeviceAddress)
    Virtual_Com_Port_SetLineCoding           0x080045e9   Thumb Code    20  usb_prop.o(i.Virtual_Com_Port_SetLineCoding)
    Virtual_Com_Port_Status_In               0x08004605   Thumb Code    16  usb_prop.o(i.Virtual_Com_Port_Status_In)
    Virtual_Com_Port_Status_Out              0x08004619   Thumb Code     2  usb_prop.o(i.Virtual_Com_Port_Status_Out)
    Virtual_Com_Port_init                    0x0800461d   Thumb Code    30  usb_prop.o(i.Virtual_Com_Port_init)
    __0sprintf$8                             0x08004645   Thumb Code    34  printf8.o(i.__0sprintf$8)
    __1sprintf$8                             0x08004645   Thumb Code     0  printf8.o(i.__0sprintf$8)
    __2sprintf                               0x08004645   Thumb Code     0  printf8.o(i.__0sprintf$8)
    __ARM_fpclassify                         0x0800466d   Thumb Code    40  fpclassify.o(i.__ARM_fpclassify)
    __kernel_poly                            0x08004695   Thumb Code   170  poly.o(i.__kernel_poly)
    __mathlib_dbl_divzero                    0x08004741   Thumb Code    12  dunder.o(i.__mathlib_dbl_divzero)
    __mathlib_dbl_infnan2                    0x08004751   Thumb Code     4  dunder.o(i.__mathlib_dbl_infnan2)
    __mathlib_dbl_invalid                    0x08004755   Thumb Code    12  dunder.o(i.__mathlib_dbl_invalid)
    __mathlib_dbl_overflow                   0x08004761   Thumb Code    14  dunder.o(i.__mathlib_dbl_overflow)
    __mathlib_dbl_underflow                  0x08004771   Thumb Code    10  dunder.o(i.__mathlib_dbl_underflow)
    __scatterload_copy                       0x08004781   Thumb Code    14  handlers.o(i.__scatterload_copy)
    __scatterload_null                       0x0800478f   Thumb Code     2  handlers.o(i.__scatterload_null)
    __scatterload_zeroinit                   0x08004791   Thumb Code    14  handlers.o(i.__scatterload_zeroinit)
    __set_errno                              0x080047a1   Thumb Code     6  errno.o(i.__set_errno)
    cross                                    0x08004c19   Thumb Code   178  posical.o(i.cross)
    deca_3dlocate                            0x08004ccd   Thumb Code  1246  posical.o(i.deca_3dlocate)
    dot                                      0x080051ab   Thumb Code    94  posical.o(i.dot)
    gdoprate                                 0x08005209   Thumb Code   432  posical.o(i.gdoprate)
    main                                     0x080053b9   Thumb Code   922  app.o(i.main)
    oled_pow                                 0x08005815   Thumb Code    22  oled.o(i.oled_pow)
    pow                                      0x0800582d   Thumb Code  2512  pow.o(i.pow)
    sphereline                               0x08006205   Thumb Code  1046  posical.o(i.sphereline)
    sqrt                                     0x08006621   Thumb Code    76  sqrt.o(i.sqrt)
    trilateration                            0x0800666d   Thumb Code  4238  posical.o(i.trilateration)
    uart1_init                               0x0800770d   Thumb Code   250  usart1_dma.o(i.uart1_init)
    vdiff                                    0x08007819   Thumb Code    90  posical.o(i.vdiff)
    vdiv                                     0x08007873   Thumb Code    88  posical.o(i.vdiv)
    vmul                                     0x080078cb   Thumb Code    88  posical.o(i.vmul)
    vnorm                                    0x08007923   Thumb Code   110  posical.o(i.vnorm)
    vsum                                     0x08007991   Thumb Code    90  posical.o(i.vsum)
    F6x8                                     0x080079ea   Data         552  oled.o(.constdata)
    F8X16                                    0x08007c12   Data        1520  oled.o(.constdata)
    Virtual_Com_Port_DeviceDescriptor        0x08008228   Data          18  usb_desc.o(.constdata)
    Virtual_Com_Port_ConfigDescriptor        0x0800823a   Data          67  usb_desc.o(.constdata)
    Virtual_Com_Port_StringLangID            0x0800827d   Data           4  usb_desc.o(.constdata)
    Virtual_Com_Port_StringVendor            0x08008281   Data          24  usb_desc.o(.constdata)
    Virtual_Com_Port_StringProduct           0x08008299   Data          38  usb_desc.o(.constdata)
    __mathlib_zero                           0x08008348   Data           8  qnan.o(.constdata)
    __ctype_categories                       0x08008350   Data          64  ctype_c.o(.constdata)
    Region$$Table$$Base                      0x08008390   Number         0  anon$$obj.o(Region$$Table)
    Region$$Table$$Limit                     0x080083b0   Number         0  anon$$obj.o(Region$$Table)
    buff_version                             0x20000000   Data          19  device_info.o(.data)
    buff_wifipassword                        0x20000013   Data          10  device_info.o(.data)
    Usart1_Rec_Cnt                           0x20000020   Data           2  usart1_dma.o(.data)
    __stdout                                 0x20000024   Data           4  usart1_dma.o(.data)
    USART_RX_STA                             0x20000028   Data           2  usart2.o(.data)
    RX_num                                   0x2000002a   Data           1  usart2.o(.data)
    HSEStartUpStatus                         0x2000002c   Data           1  hw_config.o(.data)
    EXTI_InitStructure                       0x20000030   Data           8  hw_config.o(.data)
    Virtual_Com_Port_StringSerial            0x20000038   Data          38  usb_desc.o(.data)
    wIstr                                    0x20000068   Data           2  usb_istr.o(.data)
    bIntPackSOF                              0x2000006a   Data           1  usb_istr.o(.data)
    esof_counter                             0x2000006c   Data           4  usb_istr.o(.data)
    wCNTR                                    0x20000070   Data           4  usb_istr.o(.data)
    pEpInt_IN                                0x20000074   Data          28  usb_istr.o(.data)
    pEpInt_OUT                               0x20000090   Data          28  usb_istr.o(.data)
    Request                                  0x200000ac   Data           1  usb_prop.o(.data)
    linecoding                               0x200000b0   Data           8  usb_prop.o(.data)
    Device_Table                             0x200000b8   Data           2  usb_prop.o(.data)
    Device_Property                          0x200000bc   Data          48  usb_prop.o(.data)
    User_Standard_Requests                   0x200000ec   Data          36  usb_prop.o(.data)
    Device_Descriptor                        0x20000110   Data           8  usb_prop.o(.data)
    Config_Descriptor                        0x20000118   Data           8  usb_prop.o(.data)
    String_Descriptor                        0x20000120   Data          32  usb_prop.o(.data)
    bDeviceState                             0x20000140   Data           4  usb_pwr.o(.data)
    fSuspendEnabled                          0x20000144   Data           1  usb_pwr.o(.data)
    ResumeS                                  0x20000145   Data           2  usb_pwr.o(.data)
    remotewakeupon                           0x20000148   Data           4  usb_pwr.o(.data)
    StatusInfo                               0x2000014c   Data           2  usb_core.o(.data)
    Data_Mul_MaxPacketSize                   0x2000014e   Data           1  usb_core.o(.data)
    EPindex                                  0x20000150   Data           1  usb_init.o(.data)
    pInformation                             0x20000154   Data           4  usb_init.o(.data)
    pProperty                                0x20000158   Data           4  usb_init.o(.data)
    SaveState                                0x2000015c   Data           2  usb_init.o(.data)
    wInterrupt_Mask                          0x2000015e   Data           2  usb_init.o(.data)
    pUser_Standard_Requests                  0x20000160   Data           4  usb_init.o(.data)
    SaveRState                               0x20000164   Data           2  usb_int.o(.data)
    SaveTState                               0x20000166   Data           2  usb_int.o(.data)
    report                                   0x20000248   Data          24  posical.o(.bss)
    Range_deca                               0x20000260   Data          16  posical.o(.bss)
    buff_sn                                  0x20000270   Data          41  device_info.o(.bss)
    sys_para                                 0x2000029a   Data          16  device_info.o(.bss)
    FLAH_BUFF0                               0x200002aa   Data          32  device_info.o(.bss)
    ROUTER_ADMI_BUFF                         0x200002ca   Data          50  device_info.o(.bss)
    ROUTER_PSWD_BUFF                         0x200002fc   Data          50  device_info.o(.bss)
    ROUTER_SVIP_BUFF                         0x2000032e   Data          50  device_info.o(.bss)
    ROUTER_SVPT_BUFF                         0x20000360   Data          50  device_info.o(.bss)
    DMA_Rece_Buf                             0x20000392   Data         200  usart1_dma.o(.bss)
    USART_RX_BUF                             0x2000045a   Data         200  usart2.o(.bss)
    RX_buffer                                0x20000522   Data          50  usart2.o(.bss)
    STMFLASH_BUF                             0x20000554   Data        1024  stmflash.o(.bss)
    USART_InitStructure                      0x20000954   Data          16  hw_config.o(.bss)
    EP                                       0x20001404   Data          32  usb_pwr.o(.bss)
    Device_Info                              0x20001424   Data          28  usb_init.o(.bss)
    __initial_sp                             0x20001840   Data           0  startup_stm32f10x_md.o(STACK)



==============================================================================

Memory Map of the image

  Image Entry point : 0x080000ed

  Load Region LR_IROM1 (Base: 0x08000000, Size: 0x00008530, Max: 0x00010000, ABSOLUTE, COMPRESSED[0x0000846c])

    Execution Region ER_IROM1 (Base: 0x08000000, Size: 0x000083b0, Max: 0x00010000, ABSOLUTE)

    Base Addr    Size         Type   Attr      Idx    E Section Name        Object

    0x08000000   0x000000ec   Data   RO         3586    RESET               startup_stm32f10x_md.o
    0x080000ec   0x00000000   Code   RO         3655  * .ARM.Collect$$$$00000000  mc_w.l(entry.o)
    0x080000ec   0x00000004   Code   RO         3983    .ARM.Collect$$$$00000001  mc_w.l(entry2.o)
    0x080000f0   0x00000004   Code   RO         3986    .ARM.Collect$$$$00000004  mc_w.l(entry5.o)
    0x080000f4   0x00000000   Code   RO         3988    .ARM.Collect$$$$00000008  mc_w.l(entry7b.o)
    0x080000f4   0x00000000   Code   RO         3990    .ARM.Collect$$$$0000000A  mc_w.l(entry8b.o)
    0x080000f4   0x00000008   Code   RO         3991    .ARM.Collect$$$$0000000B  mc_w.l(entry9a.o)
    0x080000fc   0x00000000   Code   RO         3993    .ARM.Collect$$$$0000000D  mc_w.l(entry10a.o)
    0x080000fc   0x00000000   Code   RO         3995    .ARM.Collect$$$$0000000F  mc_w.l(entry11a.o)
    0x080000fc   0x00000004   Code   RO         3984    .ARM.Collect$$$$00002712  mc_w.l(entry2.o)
    0x08000100   0x00000024   Code   RO         3587    .text               startup_stm32f10x_md.o
    0x08000124   0x00000024   Code   RO         3661    .text               mc_w.l(memcpya.o)
    0x08000148   0x00000024   Code   RO         3663    .text               mc_w.l(memseta.o)
    0x0800016c   0x00000038   Code   RO         3928    .text               mc_w.l(__0sscanf.o)
    0x080001a4   0x0000014c   Code   RO         3930    .text               mc_w.l(_scanf_int.o)
    0x080002f0   0x000000e0   Code   RO         3932    .text               mc_w.l(_scanf_str.o)
    0x080003d0   0x000000b0   Code   RO         3934    .text               mf_w.l(fadd.o)
    0x08000480   0x0000014e   Code   RO         3940    .text               mf_w.l(dadd.o)
    0x080005ce   0x000000e4   Code   RO         3942    .text               mf_w.l(dmul.o)
    0x080006b2   0x000000de   Code   RO         3944    .text               mf_w.l(ddiv.o)
    0x08000790   0x00000012   Code   RO         3946    .text               mf_w.l(fflti.o)
    0x080007a2   0x00000022   Code   RO         3948    .text               mf_w.l(dflti.o)
    0x080007c4   0x0000001a   Code   RO         3950    .text               mf_w.l(dfltui.o)
    0x080007de   0x00000032   Code   RO         3952    .text               mf_w.l(ffixi.o)
    0x08000810   0x0000003e   Code   RO         3954    .text               mf_w.l(dfixi.o)
    0x0800084e   0x00000026   Code   RO         3956    .text               mf_w.l(f2d.o)
    0x08000874   0x00000030   Code   RO         3958    .text               mf_w.l(cdcmple.o)
    0x080008a4   0x00000030   Code   RO         3960    .text               mf_w.l(cdrcmple.o)
    0x080008d4   0x00000038   Code   RO         3962    .text               mf_w.l(d2f.o)
    0x0800090c   0x00000062   Code   RO         3999    .text               mc_w.l(uldiv.o)
    0x0800096e   0x0000001e   Code   RO         4001    .text               mc_w.l(llshl.o)
    0x0800098c   0x00000020   Code   RO         4003    .text               mc_w.l(llushr.o)
    0x080009ac   0x00000024   Code   RO         4005    .text               mc_w.l(llsshr.o)
    0x080009d0   0x0000001c   Code   RO         4014    .text               mc_w.l(_chval.o)
    0x080009ec   0x00000028   Code   RO         4016    .text               mc_w.l(scanf_char.o)
    0x08000a14   0x00000040   Code   RO         4018    .text               mc_w.l(_sgetc.o)
    0x08000a54   0x00000000   Code   RO         4020    .text               mc_w.l(iusefp.o)
    0x08000a54   0x0000006e   Code   RO         4021    .text               mf_w.l(fepilogue.o)
    0x08000ac2   0x000000ba   Code   RO         4023    .text               mf_w.l(depilogue.o)
    0x08000b7c   0x0000002e   Code   RO         4025    .text               mf_w.l(dscalb.o)
    0x08000baa   0x000000a2   Code   RO         4027    .text               mf_w.l(dsqrt.o)
    0x08000c4c   0x00000024   Code   RO         4031    .text               mc_w.l(init.o)
    0x08000c70   0x0000000a   Code   RO         4033    .text               mc_w.l(isspace_c.o)
    0x08000c7a   0x00000002   PAD
    0x08000c7c   0x0000032c   Code   RO         4035    .text               mc_w.l(_scanf.o)
    0x08000fa8   0x00000028   Code   RO         4037    .text               mc_w.l(ctype_c.o)
    0x08000fd0   0x00000056   Code   RO         4048    .text               mc_w.l(__dczerorl2.o)
    0x08001026   0x00000002   PAD
    0x08001028   0x0000002c   Code   RO          511    i.BSP_GpioSet       bsp.o
    0x08001054   0x0000000c   Code   RO          513    i.BSP_Init          bsp.o
    0x08001060   0x00000004   Code   RO          848    i.BusFault_Handler  stm32f10x_it.o
    0x08001064   0x0000000c   Code   RO         1603    i.ByteSwap          usb_regs.o
    0x08001070   0x00000288   Code   RO         1532    i.CTR_LP            usb_int.o
    0x080012f8   0x000000a6   Code   RO          267    i.Check_cmd         device_info.o
    0x0800139e   0x00000002   PAD
    0x080013a0   0x00000034   Code   RO         1604    i.ClearDTOG_RX      usb_regs.o
    0x080013d4   0x00000034   Code   RO         1605    i.ClearDTOG_TX      usb_regs.o
    0x08001408   0x00000028   Code   RO         1610    i.Clear_Status_Out  usb_regs.o
    0x08001430   0x00000018   Code   RO         2061    i.DMA_Cmd           stm32f10x_dma.o
    0x08001448   0x0000014c   Code   RO         2062    i.DMA_DeInit        stm32f10x_dma.o
    0x08001594   0x00000008   Code   RO         2063    i.DMA_GetCurrDataCounter  stm32f10x_dma.o
    0x0800159c   0x0000003c   Code   RO         2067    i.DMA_Init          stm32f10x_dma.o
    0x080015d8   0x00000004   Code   RO         2068    i.DMA_SetCurrDataCounter  stm32f10x_dma.o
    0x080015dc   0x000000c0   Code   RO         1365    i.DataStageIn       usb_core.o
    0x0800169c   0x000000bc   Code   RO         1366    i.DataStageOut      usb_core.o
    0x08001758   0x00000298   Code   RO         1367    i.Data_Setup0       usb_core.o
    0x080019f0   0x00000002   Code   RO          849    i.DebugMon_Handler  stm32f10x_it.o
    0x080019f2   0x00000012   Code   RO          516    i.Delay             bsp.o
    0x08001a04   0x00000050   Code   RO         1095    i.EP1_IN_Callback   usb_endp.o
    0x08001a54   0x00000020   Code   RO         1096    i.EP3_OUT_Callback  usb_endp.o
    0x08001a74   0x0000000c   Code   RO         2144    i.EXTI_ClearITPendingBit  stm32f10x_exti.o
    0x08001a80   0x00000094   Code   RO         2149    i.EXTI_Init         stm32f10x_exti.o
    0x08001b14   0x0000004c   Code   RO         2214    i.FLASH_ErasePage   stm32f10x_flash.o
    0x08001b60   0x00000034   Code   RO         2215    i.FLASH_GetBank1Status  stm32f10x_flash.o
    0x08001b94   0x00000014   Code   RO         2224    i.FLASH_Lock        stm32f10x_flash.o
    0x08001ba8   0x00000040   Code   RO         2227    i.FLASH_ProgramHalfWord  stm32f10x_flash.o
    0x08001be8   0x00000018   Code   RO         2232    i.FLASH_Unlock      stm32f10x_flash.o
    0x08001c00   0x00000026   Code   RO         2236    i.FLASH_WaitForLastOperation  stm32f10x_flash.o
    0x08001c26   0x00000002   PAD
    0x08001c28   0x00000178   Code   RO          268    i.Flash_Configuration  device_info.o
    0x08001da0   0x0000008c   Code   RO          517    i.GPIO_Configuration  bsp.o
    0x08001e2c   0x00000116   Code   RO         2401    i.GPIO_Init         stm32f10x_gpio.o
    0x08001f42   0x00000002   PAD
    0x08001f44   0x00000090   Code   RO         2403    i.GPIO_PinRemapConfig  stm32f10x_gpio.o
    0x08001fd4   0x00000004   Code   RO         2408    i.GPIO_ResetBits    stm32f10x_gpio.o
    0x08001fd8   0x00000004   Code   RO         2409    i.GPIO_SetBits      stm32f10x_gpio.o
    0x08001fdc   0x00000020   Code   RO         1622    i.GetEPRxAddr       usb_regs.o
    0x08001ffc   0x00000024   Code   RO         1623    i.GetEPRxCount      usb_regs.o
    0x08002020   0x00000020   Code   RO         1625    i.GetEPTxAddr       usb_regs.o
    0x08002040   0x0000024c   Code   RO          168    i.GetLocation       posical.o
    0x0800228c   0x00000084   Code   RO          169    i.Get_Best_Position  posical.o
    0x08002310   0x00000034   Code   RO          924    i.Get_SerialNum     hw_config.o
    0x08002344   0x00000058   Code   RO          269    i.Get_UniqueID      device_info.o
    0x0800239c   0x00000004   Code   RO          850    i.HardFault_Handler  stm32f10x_it.o
    0x080023a0   0x00000070   Code   RO         1368    i.In0_Process       usb_core.o
    0x08002410   0x0000003e   Code   RO          925    i.IntToUnicode      hw_config.o
    0x0800244e   0x00000002   PAD
    0x08002450   0x00000058   Code   RO          620    i.KEY_Init          led.o
    0x080024a8   0x00000034   Code   RO          621    i.LED_Init          led.o
    0x080024dc   0x00000020   Code   RO          926    i.Leave_LowPowerMode  hw_config.o
    0x080024fc   0x0000001e   Code   RO          650    i.MYDMA_Enable      usart1_dma.o
    0x0800251a   0x00000004   Code   RO          851    i.MemManage_Handler  stm32f10x_it.o
    0x0800251e   0x00000002   Code   RO          852    i.NMI_Handler       stm32f10x_it.o
    0x08002520   0x00000002   Code   RO         1369    i.NOP_Process       usb_core.o
    0x08002522   0x0000000c   Code   RO          519    i.NVIC_Configuration  bsp.o
    0x0800252e   0x00000002   PAD
    0x08002530   0x00000070   Code   RO         2011    i.NVIC_Init         misc.o
    0x080025a0   0x00000014   Code   RO         2012    i.NVIC_PriorityGroupConfig  misc.o
    0x080025b4   0x00000138   Code   RO         1370    i.NoData_Setup0     usb_core.o
    0x080026ec   0x00000040   Code   RO          403    i.OLED_Clear        oled.o
    0x0800272c   0x0000016c   Code   RO          407    i.OLED_Init         oled.o
    0x08002898   0x0000002e   Code   RO          408    i.OLED_Set_Pos      oled.o
    0x080028c6   0x00000002   PAD
    0x080028c8   0x00000054   Code   RO          410    i.OLED_ShowChar     oled.o
    0x0800291c   0x000000a0   Code   RO          411    i.OLED_ShowFloat    oled.o
    0x080029bc   0x00000084   Code   RO          412    i.OLED_ShowNum      oled.o
    0x08002a40   0x00000036   Code   RO          413    i.OLED_ShowString   oled.o
    0x08002a76   0x00000002   PAD
    0x08002a78   0x00000074   Code   RO          414    i.OLED_WR_Byte      oled.o
    0x08002aec   0x00000050   Code   RO         1371    i.Out0_Process      usb_core.o
    0x08002b3c   0x00000028   Code   RO         1573    i.PMAToUserBufferCopy  usb_mem.o
    0x08002b64   0x00000002   Code   RO          853    i.PendSV_Handler    stm32f10x_it.o
    0x08002b66   0x00000002   PAD
    0x08002b68   0x00000048   Code   RO         1372    i.Post0_Process     usb_core.o
    0x08002bb0   0x00000040   Code   RO         1311    i.PowerOn           usb_pwr.o
    0x08002bf0   0x0000000e   Code   RO          314    i.QUEUE_PacketCreate  queue.o
    0x08002bfe   0x0000003c   Code   RO          316    i.QUEUE_PacketIn    queue.o
    0x08002c3a   0x0000003a   Code   RO          318    i.QUEUE_PacketOut   queue.o
    0x08002c74   0x00000020   Code   RO         2576    i.RCC_AHBPeriphClockCmd  stm32f10x_rcc.o
    0x08002c94   0x00000020   Code   RO         2577    i.RCC_APB1PeriphClockCmd  stm32f10x_rcc.o
    0x08002cb4   0x00000020   Code   RO         2578    i.RCC_APB1PeriphResetCmd  stm32f10x_rcc.o
    0x08002cd4   0x00000020   Code   RO         2579    i.RCC_APB2PeriphClockCmd  stm32f10x_rcc.o
    0x08002cf4   0x00000020   Code   RO         2580    i.RCC_APB2PeriphResetCmd  stm32f10x_rcc.o
    0x08002d14   0x000000d4   Code   RO         2587    i.RCC_GetClocksFreq  stm32f10x_rcc.o
    0x08002de8   0x0000000c   Code   RO         2605    i.RCC_USBCLKConfig  stm32f10x_rcc.o
    0x08002df4   0x000000d0   Code   RO         1312    i.Resume            usb_pwr.o
    0x08002ec4   0x00000024   Code   RO         1313    i.Resume_Init       usb_pwr.o
    0x08002ee8   0x0000013c   Code   RO          270    i.RouterInfo_Write_to_Flash  device_info.o
    0x08003024   0x00000064   Code   RO         1097    i.SOF_Callback      usb_endp.o
    0x08003088   0x00000022   Code   RO          794    i.STMFLASH_Read     stmflash.o
    0x080030aa   0x00000006   Code   RO          795    i.STMFLASH_ReadHalfWord  stmflash.o
    0x080030b0   0x000000e8   Code   RO          796    i.STMFLASH_Write    stmflash.o
    0x08003198   0x00000026   Code   RO          797    i.STMFLASH_Write_NoCheck  stmflash.o
    0x080031be   0x00000002   Code   RO          854    i.SVC_Handler       stm32f10x_it.o
    0x080031c0   0x00000010   Code   RO         1633    i.SetBTABLE         usb_regs.o
    0x080031d0   0x00000050   Code   RO         1373    i.SetDeviceAddress  usb_core.o
    0x08003220   0x00000024   Code   RO         1647    i.SetEPRxAddr       usb_regs.o
    0x08003244   0x0000004c   Code   RO         1648    i.SetEPRxCount      usb_regs.o
    0x08003290   0x00000040   Code   RO         1649    i.SetEPRxStatus     usb_regs.o
    0x080032d0   0x00000034   Code   RO         1650    i.SetEPRxValid      usb_regs.o
    0x08003304   0x00000020   Code   RO         1651    i.SetEPTxAddr       usb_regs.o
    0x08003324   0x0000001c   Code   RO         1652    i.SetEPTxCount      usb_regs.o
    0x08003340   0x00000040   Code   RO         1653    i.SetEPTxStatus     usb_regs.o
    0x08003380   0x00000034   Code   RO         1654    i.SetEPTxValid      usb_regs.o
    0x080033b4   0x00000024   Code   RO         1655    i.SetEPType         usb_regs.o
    0x080033d8   0x00000008   Code   RO         3594    i.SetSysClock       system_stm32f10x.o
    0x080033e0   0x000000e0   Code   RO         3595    i.SetSysClockTo72   system_stm32f10x.o
    0x080034c0   0x00000078   Code   RO          927    i.Set_System        hw_config.o
    0x08003538   0x00000012   Code   RO          928    i.Set_USBClock      hw_config.o
    0x0800354a   0x00000002   PAD
    0x0800354c   0x000000b8   Code   RO         1374    i.Setup0_Process    usb_core.o
    0x08003604   0x0000016c   Code   RO         1375    i.Standard_ClearFeature  usb_core.o
    0x08003770   0x0000002c   Code   RO         1376    i.Standard_GetConfiguration  usb_core.o
    0x0800379c   0x00000024   Code   RO         1377    i.Standard_GetDescriptorData  usb_core.o
    0x080037c0   0x0000002c   Code   RO         1378    i.Standard_GetInterface  usb_core.o
    0x080037ec   0x00000100   Code   RO         1379    i.Standard_GetStatus  usb_core.o
    0x080038ec   0x00000048   Code   RO         1380    i.Standard_SetConfiguration  usb_core.o
    0x08003934   0x00000028   Code   RO         1381    i.Standard_SetDeviceFeature  usb_core.o
    0x0800395c   0x000000d0   Code   RO         1382    i.Standard_SetEndPointFeature  usb_core.o
    0x08003a2c   0x0000006c   Code   RO         1383    i.Standard_SetInterface  usb_core.o
    0x08003a98   0x00000104   Code   RO         1314    i.Suspend           usb_pwr.o
    0x08003b9c   0x00000002   Code   RO          855    i.SysTick_Handler   stm32f10x_it.o
    0x08003b9e   0x00000002   PAD
    0x08003ba0   0x00000060   Code   RO         3597    i.SystemInit        system_stm32f10x.o
    0x08003c00   0x00000016   Code   RO          761    i.TIM2_IRQHandler   timer.o
    0x08003c16   0x0000005c   Code   RO          762    i.TIM2_Int_Init     timer.o
    0x08003c72   0x00000006   Code   RO         2798    i.TIM_ClearITPendingBit  stm32f10x_tim.o
    0x08003c78   0x00000018   Code   RO         2803    i.TIM_Cmd           stm32f10x_tim.o
    0x08003c90   0x00000022   Code   RO         2824    i.TIM_GetITStatus   stm32f10x_tim.o
    0x08003cb2   0x00000012   Code   RO         2828    i.TIM_ITConfig      stm32f10x_tim.o
    0x08003cc4   0x000000a4   Code   RO         2874    i.TIM_TimeBaseInit  stm32f10x_tim.o
    0x08003d68   0x00000040   Code   RO          651    i.USART1_IRQHandler  usart1_dma.o
    0x08003da8   0x00000040   Code   RO          718    i.USART2_IRQHandler  usart2.o
    0x08003de8   0x0000001e   Code   RO         3348    i.USART_ClearITPendingBit  stm32f10x_usart.o
    0x08003e06   0x00000018   Code   RO         3351    i.USART_Cmd         stm32f10x_usart.o
    0x08003e1e   0x00000012   Code   RO         3352    i.USART_DMACmd      stm32f10x_usart.o
    0x08003e30   0x0000009c   Code   RO         3353    i.USART_DeInit      stm32f10x_usart.o
    0x08003ecc   0x00000054   Code   RO         3355    i.USART_GetITStatus  stm32f10x_usart.o
    0x08003f20   0x0000004a   Code   RO         3357    i.USART_ITConfig    stm32f10x_usart.o
    0x08003f6a   0x00000002   PAD
    0x08003f6c   0x000000d8   Code   RO         3358    i.USART_Init        stm32f10x_usart.o
    0x08004044   0x0000000a   Code   RO         3365    i.USART_ReceiveData  stm32f10x_usart.o
    0x0800404e   0x0000000c   Code   RO         1167    i.USBWakeUp_IRQHandler  usb_it.o
    0x0800405a   0x00000002   PAD
    0x0800405c   0x00000024   Code   RO          929    i.USB_Cable_Config  hw_config.o
    0x08004080   0x00000014   Code   RO          930    i.USB_Config        hw_config.o
    0x08004094   0x0000003c   Code   RO         1496    i.USB_Init          usb_init.o
    0x080040d0   0x00000034   Code   RO          931    i.USB_Interrupts_Config  hw_config.o
    0x08004104   0x000001d0   Code   RO         1137    i.USB_Istr          usb_istr.o
    0x080042d4   0x00000008   Code   RO         1168    i.USB_LP_CAN1_RX0_IRQHandler  usb_it.o
    0x080042dc   0x00000018   Code   RO          932    i.USB_RxRead        hw_config.o
    0x080042f4   0x00000018   Code   RO          933    i.USB_RxWrite       hw_config.o
    0x0800430c   0x00000024   Code   RO         1975    i.USB_SIL_Init      usb_sil.o
    0x08004330   0x0000002e   Code   RO         1976    i.USB_SIL_Read      usb_sil.o
    0x0800435e   0x00000002   PAD
    0x08004360   0x00000018   Code   RO          934    i.USB_TxRead        hw_config.o
    0x08004378   0x00000018   Code   RO          935    i.USB_TxWrite       hw_config.o
    0x08004390   0x00000004   Code   RO          856    i.UsageFault_Handler  stm32f10x_it.o
    0x08004394   0x00000038   Code   RO         1574    i.UserToPMABufferCopy  usb_mem.o
    0x080043cc   0x00000064   Code   RO         1197    i.Virtual_Com_Port_Data_Setup  usb_prop.o
    0x08004430   0x00000014   Code   RO         1198    i.Virtual_Com_Port_GetConfigDescriptor  usb_prop.o
    0x08004444   0x00000014   Code   RO         1199    i.Virtual_Com_Port_GetDeviceDescriptor  usb_prop.o
    0x08004458   0x0000001c   Code   RO         1200    i.Virtual_Com_Port_GetLineCoding  usb_prop.o
    0x08004474   0x00000028   Code   RO         1201    i.Virtual_Com_Port_GetStringDescriptor  usb_prop.o
    0x0800449c   0x00000016   Code   RO         1202    i.Virtual_Com_Port_Get_Interface_Setting  usb_prop.o
    0x080044b2   0x00000002   PAD
    0x080044b4   0x00000028   Code   RO         1203    i.Virtual_Com_Port_NoData_Setup  usb_prop.o
    0x080044dc   0x000000e8   Code   RO         1204    i.Virtual_Com_Port_Reset  usb_prop.o
    0x080045c4   0x00000018   Code   RO         1205    i.Virtual_Com_Port_SetConfiguration  usb_prop.o
    0x080045dc   0x0000000c   Code   RO         1206    i.Virtual_Com_Port_SetDeviceAddress  usb_prop.o
    0x080045e8   0x0000001c   Code   RO         1207    i.Virtual_Com_Port_SetLineCoding  usb_prop.o
    0x08004604   0x00000014   Code   RO         1208    i.Virtual_Com_Port_Status_In  usb_prop.o
    0x08004618   0x00000002   Code   RO         1209    i.Virtual_Com_Port_Status_Out  usb_prop.o
    0x0800461a   0x00000002   PAD
    0x0800461c   0x00000028   Code   RO         1210    i.Virtual_Com_Port_init  usb_prop.o
    0x08004644   0x00000028   Code   RO         3876    i.__0sprintf$8      mc_w.l(printf8.o)
    0x0800466c   0x00000028   Code   RO         3978    i.__ARM_fpclassify  m_ws.l(fpclassify.o)
    0x08004694   0x000000aa   Code   RO         3980    i.__kernel_poly     m_ws.l(poly.o)
    0x0800473e   0x00000002   PAD
    0x08004740   0x00000010   Code   RO         3964    i.__mathlib_dbl_divzero  m_ws.l(dunder.o)
    0x08004750   0x00000004   Code   RO         3966    i.__mathlib_dbl_infnan2  m_ws.l(dunder.o)
    0x08004754   0x0000000c   Code   RO         3967    i.__mathlib_dbl_invalid  m_ws.l(dunder.o)
    0x08004760   0x0000000e   Code   RO         3968    i.__mathlib_dbl_overflow  m_ws.l(dunder.o)
    0x0800476e   0x00000002   PAD
    0x08004770   0x00000010   Code   RO         3970    i.__mathlib_dbl_underflow  m_ws.l(dunder.o)
    0x08004780   0x0000000e   Code   RO         4042    i.__scatterload_copy  mc_w.l(handlers.o)
    0x0800478e   0x00000002   Code   RO         4043    i.__scatterload_null  mc_w.l(handlers.o)
    0x08004790   0x0000000e   Code   RO         4044    i.__scatterload_zeroinit  mc_w.l(handlers.o)
    0x0800479e   0x00000002   PAD
    0x080047a0   0x0000000c   Code   RO         4009    i.__set_errno       mc_w.l(errno.o)
    0x080047ac   0x00000410   Code   RO         3881    i._printf_core      mc_w.l(printf8.o)
    0x08004bbc   0x00000024   Code   RO         3882    i._printf_post_padding  mc_w.l(printf8.o)
    0x08004be0   0x0000002e   Code   RO         3883    i._printf_pre_padding  mc_w.l(printf8.o)
    0x08004c0e   0x0000000a   Code   RO         3885    i._sputc            mc_w.l(printf8.o)
    0x08004c18   0x000000b2   Code   RO          170    i.cross             posical.o
    0x08004cca   0x00000002   PAD
    0x08004ccc   0x000004de   Code   RO          171    i.deca_3dlocate     posical.o
    0x080051aa   0x0000005e   Code   RO          172    i.dot               posical.o
    0x08005208   0x000001b0   Code   RO          173    i.gdoprate          posical.o
    0x080053b8   0x0000045c   Code   RO            4    i.main              app.o
    0x08005814   0x00000016   Code   RO          415    i.oled_pow          oled.o
    0x0800582a   0x00000002   PAD
    0x0800582c   0x000009d8   Code   RO         3638    i.pow               m_ws.l(pow.o)
    0x08006204   0x0000041c   Code   RO          174    i.sphereline        posical.o
    0x08006620   0x0000004c   Code   RO         3648    i.sqrt              m_ws.l(sqrt.o)
    0x0800666c   0x000010a0   Code   RO          175    i.trilateration     posical.o
    0x0800770c   0x0000010c   Code   RO          655    i.uart1_init        usart1_dma.o
    0x08007818   0x0000005a   Code   RO          176    i.vdiff             posical.o
    0x08007872   0x00000058   Code   RO          178    i.vdiv              posical.o
    0x080078ca   0x00000058   Code   RO          179    i.vmul              posical.o
    0x08007922   0x0000006e   Code   RO          180    i.vnorm             posical.o
    0x08007990   0x0000005a   Code   RO          181    i.vsum              posical.o
    0x080079ea   0x00000818   Data   RO          416    .constdata          oled.o
    0x08008202   0x00000002   PAD
    0x08008204   0x00000024   Data   RO          523    .constdata          bsp.o
    0x08008228   0x00000097   Data   RO         1070    .constdata          usb_desc.o
    0x080082bf   0x00000001   PAD
    0x080082c0   0x00000088   Data   RO         3639    .constdata          m_ws.l(pow.o)
    0x08008348   0x00000008   Data   RO         3982    .constdata          m_ws.l(qnan.o)
    0x08008350   0x00000040   Data   RO         4038    .constdata          mc_w.l(ctype_c.o)
    0x08008390   0x00000020   Data   RO         4040    Region$$Table       anon$$obj.o


    Execution Region RW_IRAM1 (Base: 0x20000000, Size: 0x00001840, Max: 0x00005000, ABSOLUTE, COMPRESSED[0x000000bc])

    Base Addr    Size         Type   Attr      Idx    E Section Name        Object

    0x20000000   0x0000001d   Data   RW          272    .data               device_info.o
    0x2000001d   0x00000003   PAD
    0x20000020   0x00000008   Data   RW          657    .data               usart1_dma.o
    0x20000028   0x00000003   Data   RW          722    .data               usart2.o
    0x2000002b   0x00000001   PAD
    0x2000002c   0x0000000c   Data   RW          937    .data               hw_config.o
    0x20000038   0x00000026   Data   RW         1071    .data               usb_desc.o
    0x2000005e   0x00000002   PAD
    0x20000060   0x00000008   Data   RW         1099    .data               usb_endp.o
    0x20000068   0x00000044   Data   RW         1138    .data               usb_istr.o
    0x200000ac   0x00000094   Data   RW         1211    .data               usb_prop.o
    0x20000140   0x0000000c   Data   RW         1316    .data               usb_pwr.o
    0x2000014c   0x00000003   Data   RW         1384    .data               usb_core.o
    0x2000014f   0x00000001   PAD
    0x20000150   0x00000014   Data   RW         1498    .data               usb_init.o
    0x20000164   0x00000004   Data   RW         1533    .data               usb_int.o
    0x20000168   0x00000014   Data   RW         2607    .data               stm32f10x_rcc.o
    0x2000017c   0x00000004   Data   RW         4010    .data               mc_w.l(errno.o)
    0x20000180   0x000000c8   Zero   RW            5    .bss                app.o
    0x20000248   0x00000028   Zero   RW          182    .bss                posical.o
    0x20000270   0x00000122   Zero   RW          271    .bss                device_info.o
    0x20000392   0x000000c8   Zero   RW          656    .bss                usart1_dma.o
    0x2000045a   0x000000fa   Zero   RW          721    .bss                usart2.o
    0x20000554   0x00000400   Zero   RW          799    .bss                stmflash.o
    0x20000954   0x00000a30   Zero   RW          936    .bss                hw_config.o
    0x20001384   0x00000080   Zero   RW         1098    .bss                usb_endp.o
    0x20001404   0x00000020   Zero   RW         1315    .bss                usb_pwr.o
    0x20001424   0x0000001c   Zero   RW         1497    .bss                usb_init.o
    0x20001440   0x00000400   Zero   RW         3584    STACK               startup_stm32f10x_md.o


==============================================================================

Image component sizes


      Code (inc. data)   RO Data    RW Data    ZI Data      Debug   Object Name

      1116        194          0          0        200     236855   app.o
       226          8         36          0          0       3351   bsp.o
       946        122          0         29        290       5174   device_info.o
       488         76          0         12       2608      12666   hw_config.o
       140         18          0          0          0       1022   led.o
       132         22          0          0          0       1647   misc.o
      1042         28       2072          0          0       7257   oled.o
      8444         92          0          0         40      14777   posical.o
       132          0          0          0          0       5848   queue.o
        36          8        236          0       1024        844   startup_stm32f10x_md.o
       428          8          0          0          0       4752   stm32f10x_dma.o
       160         12          0          0          0       1605   stm32f10x_exti.o
       274         30          0          0          0       3634   stm32f10x_flash.o
       430          6          0          0          0       4038   stm32f10x_gpio.o
        26          0          0          0          0       4358   stm32f10x_it.o
       384         56          0         20          0       6923   stm32f10x_rcc.o
       246         42          0          0          0       3766   stm32f10x_tim.o
       612         28          0          0          0       7150   stm32f10x_usart.o
       310         10          0          0       1024       9957   stmflash.o
       328         28          0          0          0       2081   system_stm32f10x.o
       114          0          0          0          0      21550   timer.o
       362         30          0          8        200      13874   usart1_dma.o
        64         12          0          3        250       1313   usart2.o
      3058        288          0          3          0      14515   usb_core.o
         0          0        151         38          0       1119   usb_desc.o
       212         34          0          8        128       2404   usb_endp.o
        60         24          0         20         28       4114   usb_init.o
       648         32          0          4          0       1744   usb_int.o
       464         38          0         68          0       1691   usb_istr.o
        20          0          0          0          0        996   usb_it.o
        96         10          0          0          0       1764   usb_mem.o
       628        102          0        148          0      12013   usb_prop.o
       568         60          0         12         32       3964   usb_pwr.o
       712        100          0          0          0       9807   usb_regs.o
        82          8          0          0          0       1458   usb_sil.o

    ----------------------------------------------------------------------
     23022       1526       2530        380       5824     430031   Object Totals
         0          0         32          0          0          0   (incl. Generated)
        34          0          3          7          0          0   (incl. Padding)

    ----------------------------------------------------------------------

      Code (inc. data)   RO Data    RW Data    ZI Data      Debug   Library Member Name

        62         10          0          0          0        340   dunder.o
        40          0          0          0          0         68   fpclassify.o
       170          0          0          0          0         96   poly.o
      2520        190        136          0          0        324   pow.o
         0          0          8          0          0          0   qnan.o
        76          0          0          0          0         84   sqrt.o
        56          8          0          0          0         84   __0sscanf.o
        86          0          0          0          0          0   __dczerorl2.o
        28          0          0          0          0         68   _chval.o
       812          4          0          0          0        112   _scanf.o
       332          0          0          0          0         96   _scanf_int.o
       224          0          0          0          0         96   _scanf_str.o
        64          0          0          0          0         84   _sgetc.o
        40          6         64          0          0         68   ctype_c.o
         0          0          0          0          0          0   entry.o
         0          0          0          0          0          0   entry10a.o
         0          0          0          0          0          0   entry11a.o
         8          4          0          0          0          0   entry2.o
         4          0          0          0          0          0   entry5.o
         0          0          0          0          0          0   entry7b.o
         0          0          0          0          0          0   entry8b.o
         8          4          0          0          0          0   entry9a.o
        12          6          0          4          0         68   errno.o
        30          0          0          0          0          0   handlers.o
        36          8          0          0          0         68   init.o
        10          0          0          0          0         68   isspace_c.o
         0          0          0          0          0          0   iusefp.o
        30          0          0          0          0         68   llshl.o
        36          0          0          0          0         68   llsshr.o
        32          0          0          0          0         68   llushr.o
        36          0          0          0          0         68   memcpya.o
        36          0          0          0          0        108   memseta.o
      1172         50          0          0          0        420   printf8.o
        40          8          0          0          0         84   scanf_char.o
        98          0          0          0          0         92   uldiv.o
        48          0          0          0          0         68   cdcmple.o
        48          0          0          0          0         68   cdrcmple.o
        56          0          0          0          0         88   d2f.o
       334          0          0          0          0        148   dadd.o
       222          0          0          0          0        100   ddiv.o
       186          0          0          0          0        176   depilogue.o
        62          0          0          0          0         80   dfixi.o
        34          0          0          0          0         76   dflti.o
        26          0          0          0          0         76   dfltui.o
       228          0          0          0          0         96   dmul.o
        46          0          0          0          0         80   dscalb.o
       162          0          0          0          0        100   dsqrt.o
        38          0          0          0          0         68   f2d.o
       176          0          0          0          0        140   fadd.o
       110          0          0          0          0        168   fepilogue.o
        50          0          0          0          0         68   ffixi.o
        18          0          0          0          0         68   fflti.o

    ----------------------------------------------------------------------
      7952        298        208          4          0       4368   Library Totals
        10          0          0          0          0          0   (incl. Padding)

    ----------------------------------------------------------------------

      Code (inc. data)   RO Data    RW Data    ZI Data      Debug   Library Name

      2868        200        144          0          0        912   m_ws.l
      3230         98         64          4          0       1788   mc_w.l
      1844          0          0          0          0       1668   mf_w.l

    ----------------------------------------------------------------------
      7952        298        208          4          0       4368   Library Totals

    ----------------------------------------------------------------------

==============================================================================


      Code (inc. data)   RO Data    RW Data    ZI Data      Debug   

     30974       1824       2738        384       5824     423347   Grand Totals
     30974       1824       2738        188       5824     423347   ELF Image Totals (compressed)
     30974       1824       2738        188          0          0   ROM Totals

==============================================================================

    Total RO  Size (Code + RO Data)                33712 (  32.92kB)
    Total RW  Size (RW Data + ZI Data)              6208 (   6.06kB)
    Total ROM Size (Code + RO Data + RW Data)      33900 (  33.11kB)

==============================================================================

